Component: ARM Compiler 5.06 update 7 (build 960) Tool: armlink [4d3601]

==============================================================================

Section Cross References

    startup_stm32h750xx.o(RESET) refers to startup_stm32h750xx.o(STACK) for __initial_sp
    startup_stm32h750xx.o(RESET) refers to startup_stm32h750xx.o(.text) for Reset_Handler
    startup_stm32h750xx.o(RESET) refers to stm32h7xx_it.o(i.NMI_Handler) for NMI_Handler
    startup_stm32h750xx.o(RESET) refers to stm32h7xx_it.o(i.HardFault_Handler) for HardFault_Handler
    startup_stm32h750xx.o(RESET) refers to stm32h7xx_it.o(i.MemManage_Handler) for MemManage_Handler
    startup_stm32h750xx.o(RESET) refers to stm32h7xx_it.o(i.BusFault_Handler) for BusFault_Handler
    startup_stm32h750xx.o(RESET) refers to stm32h7xx_it.o(i.UsageFault_Handler) for UsageFault_Handler
    startup_stm32h750xx.o(RESET) refers to stm32h7xx_it.o(i.SVC_Handler) for SVC_Handler
    startup_stm32h750xx.o(RESET) refers to stm32h7xx_it.o(i.DebugMon_Handler) for DebugMon_Handler
    startup_stm32h750xx.o(RESET) refers to stm32h7xx_it.o(i.PendSV_Handler) for PendSV_Handler
    startup_stm32h750xx.o(RESET) refers to stm32h7xx_it.o(i.SysTick_Handler) for SysTick_Handler
    startup_stm32h750xx.o(RESET) refers to stm32h7xx_it.o(i.LTDC_IRQHandler) for LTDC_IRQHandler
    startup_stm32h750xx.o(RESET) refers to stm32h7xx_it.o(i.JPEG_IRQHandler) for JPEG_IRQHandler
    startup_stm32h750xx.o(RESET) refers to stm32h7xx_it.o(i.MDMA_IRQHandler) for MDMA_IRQHandler
    startup_stm32h750xx.o(.text) refers to system_stm32h7xx.o(i.SystemInit) for SystemInit
    startup_stm32h750xx.o(.text) refers to entry.o(.ARM.Collect$$$$00000000) for __main
    bsp_qspi_w25q256.o(i.BSP_QSPI_W25Q256_AutoPollingMemReady) refers to memseta.o(.text) for __aeabi_memclr4
    bsp_qspi_w25q256.o(i.BSP_QSPI_W25Q256_AutoPollingMemReady) refers to stm32h7xx_hal_qspi.o(i.HAL_QSPI_AutoPolling) for HAL_QSPI_AutoPolling
    bsp_qspi_w25q256.o(i.BSP_QSPI_W25Q256_AutoPollingMemReady) refers to quadspi.o(.bss) for hqspi
    bsp_qspi_w25q256.o(i.BSP_QSPI_W25Q256_AutoPolling_QE_Ready) refers to memseta.o(.text) for __aeabi_memclr4
    bsp_qspi_w25q256.o(i.BSP_QSPI_W25Q256_AutoPolling_QE_Ready) refers to stm32h7xx_hal_qspi.o(i.HAL_QSPI_AutoPolling) for HAL_QSPI_AutoPolling
    bsp_qspi_w25q256.o(i.BSP_QSPI_W25Q256_AutoPolling_QE_Ready) refers to quadspi.o(.bss) for hqspi
    bsp_qspi_w25q256.o(i.BSP_QSPI_W25Q256_EnableMemoryMappedMode) refers to memseta.o(.text) for __aeabi_memclr4
    bsp_qspi_w25q256.o(i.BSP_QSPI_W25Q256_EnableMemoryMappedMode) refers to stm32h7xx_hal_qspi.o(i.HAL_QSPI_MemoryMapped) for HAL_QSPI_MemoryMapped
    bsp_qspi_w25q256.o(i.BSP_QSPI_W25Q256_EnableMemoryMappedMode) refers to quadspi.o(.bss) for hqspi
    bsp_qspi_w25q256.o(i.BSP_QSPI_W25Q256_Enter4ByteMode) refers to memseta.o(.text) for __aeabi_memclr4
    bsp_qspi_w25q256.o(i.BSP_QSPI_W25Q256_Enter4ByteMode) refers to stm32h7xx_hal_qspi.o(i.HAL_QSPI_Command) for HAL_QSPI_Command
    bsp_qspi_w25q256.o(i.BSP_QSPI_W25Q256_Enter4ByteMode) refers to quadspi.o(.bss) for hqspi
    bsp_qspi_w25q256.o(i.BSP_QSPI_W25Q256_Erase_Chip) refers to memseta.o(.text) for __aeabi_memclr4
    bsp_qspi_w25q256.o(i.BSP_QSPI_W25Q256_Erase_Chip) refers to bsp_qspi_w25q256.o(i.BSP_QSPI_W25Q256_WriteEnable) for BSP_QSPI_W25Q256_WriteEnable
    bsp_qspi_w25q256.o(i.BSP_QSPI_W25Q256_Erase_Chip) refers to stm32h7xx_hal_qspi.o(i.HAL_QSPI_Command) for HAL_QSPI_Command
    bsp_qspi_w25q256.o(i.BSP_QSPI_W25Q256_Erase_Chip) refers to bsp_qspi_w25q256.o(i.BSP_QSPI_W25Q256_AutoPollingMemReady) for BSP_QSPI_W25Q256_AutoPollingMemReady
    bsp_qspi_w25q256.o(i.BSP_QSPI_W25Q256_Erase_Chip) refers to quadspi.o(.bss) for hqspi
    bsp_qspi_w25q256.o(i.BSP_QSPI_W25Q256_Erase_Sector_4K_4ByteAddr) refers to memseta.o(.text) for __aeabi_memclr4
    bsp_qspi_w25q256.o(i.BSP_QSPI_W25Q256_Erase_Sector_4K_4ByteAddr) refers to bsp_qspi_w25q256.o(i.BSP_QSPI_W25Q256_WriteEnable) for BSP_QSPI_W25Q256_WriteEnable
    bsp_qspi_w25q256.o(i.BSP_QSPI_W25Q256_Erase_Sector_4K_4ByteAddr) refers to stm32h7xx_hal_qspi.o(i.HAL_QSPI_Command) for HAL_QSPI_Command
    bsp_qspi_w25q256.o(i.BSP_QSPI_W25Q256_Erase_Sector_4K_4ByteAddr) refers to bsp_qspi_w25q256.o(i.BSP_QSPI_W25Q256_AutoPollingMemReady) for BSP_QSPI_W25Q256_AutoPollingMemReady
    bsp_qspi_w25q256.o(i.BSP_QSPI_W25Q256_Erase_Sector_4K_4ByteAddr) refers to quadspi.o(.bss) for hqspi
    bsp_qspi_w25q256.o(i.BSP_QSPI_W25Q256_FastRead_QuadIO_4ByteAddr) refers to memseta.o(.text) for __aeabi_memclr4
    bsp_qspi_w25q256.o(i.BSP_QSPI_W25Q256_FastRead_QuadIO_4ByteAddr) refers to stm32h7xx_hal_qspi.o(i.HAL_QSPI_Command) for HAL_QSPI_Command
    bsp_qspi_w25q256.o(i.BSP_QSPI_W25Q256_FastRead_QuadIO_4ByteAddr) refers to stm32h7xx_hal_qspi.o(i.HAL_QSPI_Receive) for HAL_QSPI_Receive
    bsp_qspi_w25q256.o(i.BSP_QSPI_W25Q256_FastRead_QuadIO_4ByteAddr) refers to quadspi.o(.bss) for hqspi
[...]
    ..\Core\Src\stm32h7xx_it.c               0x00000000   Number         0  stm32h7xx_it.o ABSOLUTE
    ..\Core\Src\system_stm32h7xx.c           0x00000000   Number         0  system_stm32h7xx.o ABSOLUTE
    ..\Core\Src\test_jpg.c                   0x00000000   Number         0  test_jpg.o ABSOLUTE
    ..\Core\Src\usart.c                      0x00000000   Number         0  usart.o ABSOLUTE
    ..\Core\Src\w9825g6jb.c                  0x00000000   Number         0  w9825g6jb.o ABSOLUTE
    ..\Drivers\STM32H7xx_HAL_Driver\Src\stm32h7xx_hal.c 0x00000000   Number         0  stm32h7xx_hal.o ABSOLUTE
    ..\Drivers\STM32H7xx_HAL_Driver\Src\stm32h7xx_hal_cortex.c 0x00000000   Number         0  stm32h7xx_hal_cortex.o ABSOLUTE
    ..\Drivers\STM32H7xx_HAL_Driver\Src\stm32h7xx_hal_dma.c 0x00000000   Number         0  stm32h7xx_hal_dma.o ABSOLUTE
    ..\Drivers\STM32H7xx_HAL_Driver\Src\stm32h7xx_hal_dma2d.c 0x00000000   Number         0  stm32h7xx_hal_dma2d.o ABSOLUTE
    ..\Drivers\STM32H7xx_HAL_Driver\Src\stm32h7xx_hal_dma_ex.c 0x00000000   Number         0  stm32h7xx_hal_dma_ex.o ABSOLUTE
    ..\Drivers\STM32H7xx_HAL_Driver\Src\stm32h7xx_hal_exti.c 0x00000000   Number         0  stm32h7xx_hal_exti.o ABSOLUTE
    ..\Drivers\STM32H7xx_HAL_Driver\Src\stm32h7xx_hal_flash.c 0x00000000   Number         0  stm32h7xx_hal_flash.o ABSOLUTE
    ..\Drivers\STM32H7xx_HAL_Driver\Src\stm32h7xx_hal_flash_ex.c 0x00000000   Number         0  stm32h7xx_hal_flash_ex.o ABSOLUTE
    ..\Drivers\STM32H7xx_HAL_Driver\Src\stm32h7xx_hal_gpio.c 0x00000000   Number         0  stm32h7xx_hal_gpio.o ABSOLUTE
    ..\Drivers\STM32H7xx_HAL_Driver\Src\stm32h7xx_hal_hsem.c 0x00000000   Number         0  stm32h7xx_hal_hsem.o ABSOLUTE
    ..\Drivers\STM32H7xx_HAL_Driver\Src\stm32h7xx_hal_i2c.c 0x00000000   Number         0  stm32h7xx_hal_i2c.o ABSOLUTE
    ..\Drivers\STM32H7xx_HAL_Driver\Src\stm32h7xx_hal_i2c_ex.c 0x00000000   Number         0  stm32h7xx_hal_i2c_ex.o ABSOLUTE
    ..\Drivers\STM32H7xx_HAL_Driver\Src\stm32h7xx_hal_jpeg.c 0x00000000   Number         0  stm32h7xx_hal_jpeg.o ABSOLUTE
    ..\Drivers\STM32H7xx_HAL_Driver\Src\stm32h7xx_hal_ltdc.c 0x00000000   Number         0  stm32h7xx_hal_ltdc.o ABSOLUTE
    ..\Drivers\STM32H7xx_HAL_Driver\Src\stm32h7xx_hal_ltdc_ex.c 0x00000000   Number         0  stm32h7xx_hal_ltdc_ex.o ABSOLUTE
    ..\Drivers\STM32H7xx_HAL_Driver\Src\stm32h7xx_hal_mdma.c 0x00000000   Number         0  stm32h7xx_hal_mdma.o ABSOLUTE
    ..\Drivers\STM32H7xx_HAL_Driver\Src\stm32h7xx_hal_pwr.c 0x00000000   Number         0  stm32h7xx_hal_pwr.o ABSOLUTE
    ..\Drivers\STM32H7xx_HAL_Driver\Src\stm32h7xx_hal_pwr_ex.c 0x00000000   Number         0  stm32h7xx_hal_pwr_ex.o ABSOLUTE
    ..\Drivers\STM32H7xx_HAL_Driver\Src\stm32h7xx_hal_qspi.c 0x00000000   Number         0  stm32h7xx_hal_qspi.o ABSOLUTE
    ..\Drivers\STM32H7xx_HAL_Driver\Src\stm32h7xx_hal_rcc.c 0x00000000   Number         0  stm32h7xx_hal_rcc.o ABSOLUTE
    ..\Drivers\STM32H7xx_HAL_Driver\Src\stm32h7xx_hal_rcc_ex.c 0x00000000   Number         0  stm32h7xx_hal_rcc_ex.o ABSOLUTE
    ..\Drivers\STM32H7xx_HAL_Driver\Src\stm32h7xx_hal_sdram.c 0x00000000   Number         0  stm32h7xx_hal_sdram.o ABSOLUTE
    ..\Drivers\STM32H7xx_HAL_Driver\Src\stm32h7xx_hal_tim.c 0x00000000   Number         0  stm32h7xx_hal_tim.o ABSOLUTE
    ..\Drivers\STM32H7xx_HAL_Driver\Src\stm32h7xx_hal_tim_ex.c 0x00000000   Number         0  stm32h7xx_hal_tim_ex.o ABSOLUTE
    ..\Drivers\STM32H7xx_HAL_Driver\Src\stm32h7xx_hal_uart.c 0x00000000   Number         0  stm32h7xx_hal_uart.o ABSOLUTE
    ..\Drivers\STM32H7xx_HAL_Driver\Src\stm32h7xx_hal_uart_ex.c 0x00000000   Number         0  stm32h7xx_hal_uart_ex.o ABSOLUTE
    ..\Drivers\STM32H7xx_HAL_Driver\Src\stm32h7xx_ll_fmc.c 0x00000000   Number         0  stm32h7xx_ll_fmc.o ABSOLUTE
    ..\Utilities\JPEG\jpeg_utils.c           0x00000000   Number         0  jpeg_utils.o ABSOLUTE
    ..\\Core\\Src\\bsp_qspi_w25q256.c        0x00000000   Number         0  bsp_qspi_w25q256.o ABSOLUTE
    ..\\Core\\Src\\w9825g6jb.c               0x00000000   Number         0  w9825g6jb.o ABSOLUTE
    cdrcmple.s                               0x00000000   Number         0  cdrcmple.o ABSOLUTE
    dc.s                                     0x00000000   Number         0  dc.o ABSOLUTE
    handlers.s                               0x00000000   Number         0  handlers.o ABSOLUTE
    init.s                                   0x00000000   Number         0  init.o ABSOLUTE
    startup_stm32h750xx.s                    0x00000000   Number         0  startup_stm32h750xx.o ABSOLUTE
    RESET                                    0x08000000   Section      664  startup_stm32h750xx.o(RESET)
    .ARM.Collect$$$$00000000                 0x08000298   Section        0  entry.o(.ARM.Collect$$$$00000000)
    .ARM.Collect$$$$00000001                 0x08000298   Section        4  entry2.o(.ARM.Collect$$$$00000001)
    .ARM.Collect$$$$00000004                 0x0800029c   Section        4  entry5.o(.ARM.Collect$$$$00000004)
    .ARM.Collect$$$$00000008                 0x080002a0   Section        0  entry7b.o(.ARM.Collect$$$$00000008)
    .ARM.Collect$$$$0000000A                 0x080002a0   Section        0  entry8b.o(.ARM.Collect$$$$0000000A)
    .ARM.Collect$$$$0000000B                 0x080002a0   Section        8  entry9a.o(.ARM.Collect$$$$0000000B)
    .ARM.Collect$$$$0000000E                 0x080002a8   Section        4  entry12b.o(.ARM.Collect$$$$0000000E)
    .ARM.Collect$$$$0000000F                 0x080002ac   Section        0  entry10a.o(.ARM.Collect$$$$0000000F)
    .ARM.Collect$$$$00000011                 0x080002ac   Section        0  entry11a.o(.ARM.Collect$$$$00000011)
    .ARM.Collect$$$$00002712                 0x080002ac   Section        4  entry2.o(.ARM.Collect$$$$00002712)
    __lit__00000000                          0x080002ac   Data           4  entry2.o(.ARM.Collect$$$$00002712)
    .text                                    0x080002b0   Section       36  startup_stm32h750xx.o(.text)
    $v0                                      0x080002b0   Number         0  startup_stm32h750xx.o(.text)
    .text                                    0x080002d4   Section        0  uldiv.o(.text)
    .text                                    0x08000336   Section        0  memcpya.o(.text)
    .text                                    0x0800035a   Section        0  memseta.o(.text)
    .text                                    0x0800037e   Section        0  llshl.o(.text)
    .text                                    0x0800039c   Section        0  llushr.o(.text)
    .text                                    0x080003bc   Section       36  init.o(.text)
    i.BSP_QSPI_W25Q256_AutoPollingMemReady   0x080003e0   Section        0  bsp_qspi_w25q256.o(i.BSP_QSPI_W25Q256_AutoPollingMemReady)
    BSP_QSPI_W25Q256_AutoPollingMemReady     0x080003e1   Thumb Code    88  bsp_qspi_w25q256.o(i.BSP_QSPI_W25Q256_AutoPollingMemReady)
    i.BSP_QSPI_W25Q256_AutoPolling_QE_Ready  0x0800043c   Section        0  bsp_qspi_w25q256.o(i.BSP_QSPI_W25Q256_AutoPolling_QE_Ready)
    BSP_QSPI_W25Q256_AutoPolling_QE_Ready    0x0800043d   Thumb Code    92  bsp_qspi_w25q256.o(i.BSP_QSPI_W25Q256_AutoPolling_QE_Ready)
    i.BSP_QSPI_W25Q256_EnableMemoryMappedMode 0x0800049c   Section        0  bsp_qspi_w25q256.o(i.BSP_QSPI_W25Q256_EnableMemoryMappedMode)
    i.BSP_QSPI_W25Q256_Init                  0x080004f8   Section        0  bsp_qspi_w25q256.o(i.BSP_QSPI_W25Q256_Init)
    i.BSP_QSPI_W25Q256_ReadJedecID           0x080005ac   Section        0  bsp_qspi_w25q256.o(i.BSP_QSPI_W25Q256_ReadJedecID)
    i.BSP_QSPI_W25Q256_ResetMemory           0x08000614   Section        0  bsp_qspi_w25q256.o(i.BSP_QSPI_W25Q256_ResetMemory)
    i.BSP_QSPI_W25Q256_WriteEnable           0x08000670   Section        0  bsp_qspi_w25q256.o(i.BSP_QSPI_W25Q256_WriteEnable)
    BSP_QSPI_W25Q256_WriteEnable             0x08000671   Thumb Code   114  bsp_qspi_w25q256.o(i.BSP_QSPI_W25Q256_WriteEnable)
    i.BusFault_Handler                       0x080006e8   Section        0  stm32h7xx_it.o(i.BusFault_Handler)
    i.DMA2D_Convert_MemCopy                  0x080006ec   Section        0  dma2d.o(i.DMA2D_Convert_MemCopy)
    i.DMA2D_Copy_YCbCr_To_RGB                0x08000734   Section        0  dma2d.o(i.DMA2D_Copy_YCbCr_To_RGB)
    i.DMA2D_Fill                             0x080007d8   Section        0  dma2d.o(i.DMA2D_Fill)
    i.DebugMon_Handler                       0x08000808   Section        0  stm32h7xx_it.o(i.DebugMon_Handler)
    i.Error_Handler                          0x0800080a   Section        0  main.o(i.Error_Handler)
    i.FMC_SDRAM_Init                         0x0800080e   Section        0  stm32h7xx_ll_fmc.o(i.FMC_SDRAM_Init)
    i.FMC_SDRAM_ProgramRefreshRate           0x08000878   Section        0  stm32h7xx_ll_fmc.o(i.FMC_SDRAM_ProgramRefreshRate)
    i.FMC_SDRAM_SendCommand                  0x0800088a   Section        0  stm32h7xx_ll_fmc.o(i.FMC_SDRAM_SendCommand)
    i.FMC_SDRAM_Timing_Init                  0x080008b0   Section        0  stm32h7xx_ll_fmc.o(i.FMC_SDRAM_Timing_Init)
    i.HAL_DMA2D_ConfigLayer                  0x08000960   Section        0  stm32h7xx_hal_dma2d.o(i.HAL_DMA2D_ConfigLayer)
    i.HAL_DMA2D_Init                         0x08000a28   Section        0  stm32h7xx_hal_dma2d.o(i.HAL_DMA2D_Init)
    i.HAL_DMA2D_MspInit                      0x08000ab0   Section        0  dma2d.o(i.HAL_DMA2D_MspInit)
    i.HAL_FMC_MspInit                        0x08000ad8   Section        0  fmc.o(i.HAL_FMC_MspInit)
    HAL_FMC_MspInit                          0x08000ad9   Thumb Code   210  fmc.o(i.HAL_FMC_MspInit)
    i.HAL_GPIO_Init                          0x08000bcc   Section        0  stm32h7xx_hal_gpio.o(i.HAL_GPIO_Init)
    i.HAL_GPIO_WritePin                      0x08000df8   Section        0  stm32h7xx_hal_gpio.o(i.HAL_GPIO_WritePin)
    i.HAL_GetREVID                           0x08000e04   Section        0  stm32h7xx_hal.o(i.HAL_GetREVID)
    i.HAL_GetTick                            0x08000e10   Section        0  stm32h7xx_hal.o(i.HAL_GetTick)
    i.HAL_IncTick                            0x08000e1c   Section        0  stm32h7xx_hal.o(i.HAL_IncTick)
    i.HAL_Init                               0x08000e2c   Section        0  stm32h7xx_hal.o(i.HAL_Init)
    i.HAL_InitTick                           0x08000e88   Section        0  stm32h7xx_hal.o(i.HAL_InitTick)
    i.HAL_JPEG_ConfigInputBuffer             0x08000ec8   Section        0  stm32h7xx_hal_jpeg.o(i.HAL_JPEG_ConfigInputBuffer)
    i.HAL_JPEG_ConfigOutputBuffer            0x08000ece   Section        0  stm32h7xx_hal_jpeg.o(i.HAL_JPEG_ConfigOutputBuffer)
    i.HAL_JPEG_DataReadyCallback             0x08000ed4   Section        0  jpeg.o(i.HAL_JPEG_DataReadyCallback)
    i.HAL_JPEG_DecodeCpltCallback            0x08000ee8   Section        0  jpeg.o(i.HAL_JPEG_DecodeCpltCallback)
    i.HAL_JPEG_Decode_DMA                    0x08000ef4   Section        0  stm32h7xx_hal_jpeg.o(i.HAL_JPEG_Decode_DMA)
    i.HAL_JPEG_EncodeCpltCallback            0x08000f66   Section        0  stm32h7xx_hal_jpeg.o(i.HAL_JPEG_EncodeCpltCallback)
    i.HAL_JPEG_ErrorCallback                 0x08000f68   Section        0  stm32h7xx_hal_jpeg.o(i.HAL_JPEG_ErrorCallback)
    i.HAL_JPEG_GetDataCallback               0x08000f6c   Section        0  jpeg.o(i.HAL_JPEG_GetDataCallback)
    i.HAL_JPEG_GetInfo                       0x08000fa0   Section        0  stm32h7xx_hal_jpeg.o(i.HAL_JPEG_GetInfo)
    i.HAL_JPEG_IRQHandler                    0x080010a0   Section        0  stm32h7xx_hal_jpeg.o(i.HAL_JPEG_IRQHandler)
    i.HAL_JPEG_InfoReadyCallback             0x080010ca   Section        0  stm32h7xx_hal_jpeg.o(i.HAL_JPEG_InfoReadyCallback)
    i.HAL_JPEG_Init                          0x080010cc   Section        0  stm32h7xx_hal_jpeg.o(i.HAL_JPEG_Init)
    i.HAL_JPEG_MspInit                       0x08001168   Section        0  jpeg.o(i.HAL_JPEG_MspInit)
    i.HAL_JPEG_Pause                         0x0800126c   Section        0  stm32h7xx_hal_jpeg.o(i.HAL_JPEG_Pause)
    i.HAL_LTDC_ConfigLayer                   0x080012c8   Section        0  stm32h7xx_hal_ltdc.o(i.HAL_LTDC_ConfigLayer)
    i.HAL_LTDC_ErrorCallback                 0x0800131a   Section        0  stm32h7xx_hal_ltdc.o(i.HAL_LTDC_ErrorCallback)
    i.HAL_LTDC_IRQHandler                    0x0800131c   Section        0  stm32h7xx_hal_ltdc.o(i.HAL_LTDC_IRQHandler)
    i.HAL_LTDC_Init                          0x080013e4   Section        0  stm32h7xx_hal_ltdc.o(i.HAL_LTDC_Init)
    i.HAL_LTDC_LineEventCallback             0x080014dc   Section        0  ltdc.o(i.HAL_LTDC_LineEventCallback)
    i.HAL_LTDC_MspInit                       0x080014e0   Section        0  ltdc.o(i.HAL_LTDC_MspInit)
    i.HAL_LTDC_ReloadEventCallback           0x080016b4   Section        0  stm32h7xx_hal_ltdc.o(i.HAL_LTDC_ReloadEventCallback)
    i.HAL_MDMA_Abort_IT                      0x080016b6   Section        0  stm32h7xx_hal_mdma.o(i.HAL_MDMA_Abort_IT)
    i.HAL_MDMA_ConfigPostRequestMask         0x080016dc   Section        0  stm32h7xx_hal_mdma.o(i.HAL_MDMA_ConfigPostRequestMask)
    i.HAL_MDMA_IRQHandler                    0x08001734   Section        0  stm32h7xx_hal_mdma.o(i.HAL_MDMA_IRQHandler)
    i.HAL_MDMA_Init                          0x080018ac   Section        0  stm32h7xx_hal_mdma.o(i.HAL_MDMA_Init)
    i.HAL_MDMA_Start_IT                      0x0800190a   Section        0  stm32h7xx_hal_mdma.o(i.HAL_MDMA_Start_IT)
    i.HAL_MspInit                            0x080019a4   Section        0  stm32h7xx_hal_msp.o(i.HAL_MspInit)
    i.HAL_NVIC_EnableIRQ                     0x080019c0   Section        0  stm32h7xx_hal_cortex.o(i.HAL_NVIC_EnableIRQ)
    i.HAL_NVIC_SetPriority                   0x080019dc   Section        0  stm32h7xx_hal_cortex.o(i.HAL_NVIC_SetPriority)
    i.HAL_NVIC_SetPriorityGrouping           0x08001a1c   Section        0  stm32h7xx_hal_cortex.o(i.HAL_NVIC_SetPriorityGrouping)
    i.HAL_PWREx_ConfigSupply                 0x08001a40   Section        0  stm32h7xx_hal_pwr_ex.o(i.HAL_PWREx_ConfigSupply)
    i.HAL_QSPI_AutoPolling                   0x08001a94   Section        0  stm32h7xx_hal_qspi.o(i.HAL_QSPI_AutoPolling)
    i.HAL_QSPI_Command                       0x08001b40   Section        0  stm32h7xx_hal_qspi.o(i.HAL_QSPI_Command)
    i.HAL_QSPI_Init                          0x08001bc8   Section        0  stm32h7xx_hal_qspi.o(i.HAL_QSPI_Init)
    i.HAL_QSPI_MemoryMapped                  0x08001c74   Section        0  stm32h7xx_hal_qspi.o(i.HAL_QSPI_MemoryMapped)
    i.HAL_QSPI_MspInit                       0x08001d00   Section        0  quadspi.o(i.HAL_QSPI_MspInit)
    i.HAL_QSPI_Receive                       0x08001de4   Section        0  stm32h7xx_hal_qspi.o(i.HAL_QSPI_Receive)
    i.HAL_QSPI_Transmit                      0x08001ea4   Section        0  stm32h7xx_hal_qspi.o(i.HAL_QSPI_Transmit)
    i.HAL_RCCEx_GetD3PCLK1Freq               0x08001f5c   Section        0  stm32h7xx_hal_rcc_ex.o(i.HAL_RCCEx_GetD3PCLK1Freq)
    i.HAL_RCCEx_GetPLL2ClockFreq             0x08001f80   Section        0  stm32h7xx_hal_rcc_ex.o(i.HAL_RCCEx_GetPLL2ClockFreq)
    i.HAL_RCCEx_GetPLL3ClockFreq             0x080020c4   Section        0  stm32h7xx_hal_rcc_ex.o(i.HAL_RCCEx_GetPLL3ClockFreq)
    i.HAL_RCCEx_PeriphCLKConfig              0x08002208   Section        0  stm32h7xx_hal_rcc_ex.o(i.HAL_RCCEx_PeriphCLKConfig)
    i.HAL_RCC_ClockConfig                    0x08002adc   Section        0  stm32h7xx_hal_rcc.o(i.HAL_RCC_ClockConfig)
    i.HAL_RCC_GetHCLKFreq                    0x08002d38   Section        0  stm32h7xx_hal_rcc.o(i.HAL_RCC_GetHCLKFreq)
    i.HAL_RCC_GetPCLK1Freq                   0x08002d7c   Section        0  stm32h7xx_hal_rcc.o(i.HAL_RCC_GetPCLK1Freq)
    i.HAL_RCC_GetPCLK2Freq                   0x08002da0   Section        0  stm32h7xx_hal_rcc.o(i.HAL_RCC_GetPCLK2Freq)
    i.HAL_RCC_GetSysClockFreq                0x08002dc4   Section        0  stm32h7xx_hal_rcc.o(i.HAL_RCC_GetSysClockFreq)
    i.HAL_RCC_OscConfig                      0x08002efc   Section        0  stm32h7xx_hal_rcc.o(i.HAL_RCC_OscConfig)
    i.HAL_SDRAM_Init                         0x0800342c   Section        0  stm32h7xx_hal_sdram.o(i.HAL_SDRAM_Init)
    i.HAL_SDRAM_MspInit                      0x0800347c   Section        0  fmc.o(i.HAL_SDRAM_MspInit)
    i.HAL_SDRAM_ProgramRefreshRate           0x08003480   Section        0  stm32h7xx_hal_sdram.o(i.HAL_SDRAM_ProgramRefreshRate)
    i.HAL_SDRAM_SendCommand                  0x080034b0   Section        0  stm32h7xx_hal_sdram.o(i.HAL_SDRAM_SendCommand)
    i.HAL_SYSTICK_Config                     0x080034ec   Section        0  stm32h7xx_hal_cortex.o(i.HAL_SYSTICK_Config)
    i.HAL_UARTEx_DisableFifoMode             0x08003512   Section        0  stm32h7xx_hal_uart_ex.o(i.HAL_UARTEx_DisableFifoMode)
    i.HAL_UARTEx_SetRxFifoThreshold          0x08003552   Section        0  stm32h7xx_hal_uart_ex.o(i.HAL_UARTEx_SetRxFifoThreshold)
    i.HAL_UARTEx_SetTxFifoThreshold          0x0800359e   Section        0  stm32h7xx_hal_uart_ex.o(i.HAL_UARTEx_SetTxFifoThreshold)
    i.HAL_UART_Init                          0x080035ea   Section        0  stm32h7xx_hal_uart.o(i.HAL_UART_Init)
    i.HAL_UART_MspInit                       0x08003654   Section        0  usart.o(i.HAL_UART_MspInit)
    i.HAL_UART_Transmit                      0x080036d8   Section        0  stm32h7xx_hal_uart.o(i.HAL_UART_Transmit)
    i.HardFault_Handler                      0x08003796   Section        0  stm32h7xx_it.o(i.HardFault_Handler)
    i.JPEG_ACHuff_BitsVals_To_SizeCodes      0x08003798   Section        0  stm32h7xx_hal_jpeg.o(i.JPEG_ACHuff_BitsVals_To_SizeCodes)
    JPEG_ACHuff_BitsVals_To_SizeCodes        0x08003799   Thumb Code   112  stm32h7xx_hal_jpeg.o(i.JPEG_ACHuff_BitsVals_To_SizeCodes)
    i.JPEG_Bits_To_SizeCodes                 0x08003808   Section        0  stm32h7xx_hal_jpeg.o(i.JPEG_Bits_To_SizeCodes)
    JPEG_Bits_To_SizeCodes                   0x08003809   Thumb Code   100  stm32h7xx_hal_jpeg.o(i.JPEG_Bits_To_SizeCodes)
    i.JPEG_DMA_ContinueProcess               0x0800386c   Section        0  stm32h7xx_hal_jpeg.o(i.JPEG_DMA_ContinueProcess)
    JPEG_DMA_ContinueProcess                 0x0800386d   Thumb Code   150  stm32h7xx_hal_jpeg.o(i.JPEG_DMA_ContinueProcess)
    i.JPEG_DMA_EndProcess                    0x08003902   Section        0  stm32h7xx_hal_jpeg.o(i.JPEG_DMA_EndProcess)
    JPEG_DMA_EndProcess                      0x08003903   Thumb Code   132  stm32h7xx_hal_jpeg.o(i.JPEG_DMA_EndProcess)
    i.JPEG_DMA_PollResidualData              0x08003986   Section        0  stm32h7xx_hal_jpeg.o(i.JPEG_DMA_PollResidualData)
    JPEG_DMA_PollResidualData                0x08003987   Thumb Code   178  stm32h7xx_hal_jpeg.o(i.JPEG_DMA_PollResidualData)
    i.JPEG_DMA_StartProcess                  0x08003a38   Section        0  stm32h7xx_hal_jpeg.o(i.JPEG_DMA_StartProcess)
    JPEG_DMA_StartProcess                    0x08003a39   Thumb Code   134  stm32h7xx_hal_jpeg.o(i.JPEG_DMA_StartProcess)
    i.JPEG_Decode_DMA                        0x08003ad0   Section        0  jpeg.o(i.JPEG_Decode_DMA)
    i.JPEG_IRQHandler                        0x08003af8   Section        0  stm32h7xx_it.o(i.JPEG_IRQHandler)
    i.JPEG_Init_Process                      0x08003b04   Section        0  stm32h7xx_hal_jpeg.o(i.JPEG_Init_Process)
    JPEG_Init_Process                        0x08003b05   Thumb Code   136  stm32h7xx_hal_jpeg.o(i.JPEG_Init_Process)
    i.JPEG_Length_Check                      0x08003b8c   Section        0  jpeg.o(i.JPEG_Length_Check)
    i.JPEG_MDMAErrorCallback                 0x08003ba4   Section        0  stm32h7xx_hal_jpeg.o(i.JPEG_MDMAErrorCallback)
    JPEG_MDMAErrorCallback                   0x08003ba5   Thumb Code    44  stm32h7xx_hal_jpeg.o(i.JPEG_MDMAErrorCallback)
    i.JPEG_MDMAInCpltCallback                0x08003bd0   Section        0  stm32h7xx_hal_jpeg.o(i.JPEG_MDMAInCpltCallback)
    JPEG_MDMAInCpltCallback                  0x08003bd1   Thumb Code   148  stm32h7xx_hal_jpeg.o(i.JPEG_MDMAInCpltCallback)
    i.JPEG_MDMAOutAbortCallback              0x08003c64   Section        0  stm32h7xx_hal_jpeg.o(i.JPEG_MDMAOutAbortCallback)
    JPEG_MDMAOutAbortCallback                0x08003c65   Thumb Code    14  stm32h7xx_hal_jpeg.o(i.JPEG_MDMAOutAbortCallback)
    i.JPEG_MDMAOutCpltCallback               0x08003c72   Section        0  stm32h7xx_hal_jpeg.o(i.JPEG_MDMAOutCpltCallback)
    JPEG_MDMAOutCpltCallback                 0x08003c73   Thumb Code   118  stm32h7xx_hal_jpeg.o(i.JPEG_MDMAOutCpltCallback)
    i.JPEG_Process                           0x08003ce8   Section        0  stm32h7xx_hal_jpeg.o(i.JPEG_Process)
    JPEG_Process                             0x08003ce9   Thumb Code   240  stm32h7xx_hal_jpeg.o(i.JPEG_Process)
    i.JPEG_ReadInputData                     0x08003dd8   Section        0  stm32h7xx_hal_jpeg.o(i.JPEG_ReadInputData)
    JPEG_ReadInputData                       0x08003dd9   Thumb Code   220  stm32h7xx_hal_jpeg.o(i.JPEG_ReadInputData)
    i.JPEG_Set_HuffAC_Mem                    0x08003eb4   Section        0  stm32h7xx_hal_jpeg.o(i.JPEG_Set_HuffAC_Mem)
    JPEG_Set_HuffAC_Mem                      0x08003eb5   Thumb Code   148  stm32h7xx_hal_jpeg.o(i.JPEG_Set_HuffAC_Mem)
    i.JPEG_Set_HuffDC_Mem                    0x08003f58   Section        0  stm32h7xx_hal_jpeg.o(i.JPEG_Set_HuffDC_Mem)
    JPEG_Set_HuffDC_Mem                      0x08003f59   Thumb Code   184  stm32h7xx_hal_jpeg.o(i.JPEG_Set_HuffDC_Mem)
    i.JPEG_Set_HuffEnc_Mem                   0x08004010   Section        0  stm32h7xx_hal_jpeg.o(i.JPEG_Set_HuffEnc_Mem)
    JPEG_Set_HuffEnc_Mem                     0x08004011   Thumb Code    88  stm32h7xx_hal_jpeg.o(i.JPEG_Set_HuffEnc_Mem)
    i.JPEG_Set_Huff_DHTMem                   0x0800406c   Section        0  stm32h7xx_hal_jpeg.o(i.JPEG_Set_Huff_DHTMem)
    JPEG_Set_Huff_DHTMem                     0x0800406d   Thumb Code   582  stm32h7xx_hal_jpeg.o(i.JPEG_Set_Huff_DHTMem)
    i.JPEG_StoreOutputData                   0x080042b8   Section        0  stm32h7xx_hal_jpeg.o(i.JPEG_StoreOutputData)
    JPEG_StoreOutputData                     0x080042b9   Thumb Code   276  stm32h7xx_hal_jpeg.o(i.JPEG_StoreOutputData)
    i.LTDC_Fill_Rec                          0x080043cc   Section        0  ltdc.o(i.LTDC_Fill_Rec)
    i.LTDC_IRQHandler                        0x0800440c   Section        0  stm32h7xx_it.o(i.LTDC_IRQHandler)
    i.LTDC_Jpeg                              0x08004418   Section        0  ltdc.o(i.LTDC_Jpeg)
    i.LTDC_SetConfig                         0x08004498   Section        0  stm32h7xx_hal_ltdc.o(i.LTDC_SetConfig)
    LTDC_SetConfig                           0x08004499   Thumb Code   464  stm32h7xx_hal_ltdc.o(i.LTDC_SetConfig)
    i.MDMA_IRQHandler                        0x08004668   Section        0  stm32h7xx_it.o(i.MDMA_IRQHandler)
    i.MDMA_Init                              0x08004684   Section        0  stm32h7xx_hal_mdma.o(i.MDMA_Init)
    MDMA_Init                                0x08004685   Thumb Code   170  stm32h7xx_hal_mdma.o(i.MDMA_Init)
    i.MDMA_SetConfig                         0x08004734   Section        0  stm32h7xx_hal_mdma.o(i.MDMA_SetConfig)
    MDMA_SetConfig                           0x08004735   Thumb Code   124  stm32h7xx_hal_mdma.o(i.MDMA_SetConfig)
    i.MX_DMA2D_Init                          0x080047b4   Section        0  dma2d.o(i.MX_DMA2D_Init)
    i.MX_FMC_Init                            0x080047fc   Section        0  fmc.o(i.MX_FMC_Init)
    i.MX_GPIO_Init                           0x08004868   Section        0  gpio.o(i.MX_GPIO_Init)
    i.MX_JPEG_Init                           0x08004980   Section        0  jpeg.o(i.MX_JPEG_Init)
    i.MX_LTDC_Init                           0x080049a4   Section        0  ltdc.o(i.MX_LTDC_Init)
    i.MX_MDMA_Init                           0x08004a90   Section        0  mdma.o(i.MX_MDMA_Init)
    i.MX_QUADSPI_Init                        0x08004abc   Section        0  quadspi.o(i.MX_QUADSPI_Init)
    i.MX_UART4_Init                          0x08004afc   Section        0  usart.o(i.MX_UART4_Init)
    i.MemManage_Handler                      0x08004b64   Section        0  stm32h7xx_it.o(i.MemManage_Handler)
    i.NMI_Handler                            0x08004b66   Section        0  stm32h7xx_it.o(i.NMI_Handler)
    i.PendSV_Handler                         0x08004b68   Section        0  stm32h7xx_it.o(i.PendSV_Handler)
    i.QSPI_Config                            0x08004b6a   Section        0  stm32h7xx_hal_qspi.o(i.QSPI_Config)
    QSPI_Config                              0x08004b6b   Thumb Code   424  stm32h7xx_hal_qspi.o(i.QSPI_Config)
    i.QSPI_WaitFlagStateUntilTimeout         0x08004d12   Section        0  stm32h7xx_hal_qspi.o(i.QSPI_WaitFlagStateUntilTimeout)
    QSPI_WaitFlagStateUntilTimeout           0x08004d13   Thumb Code    72  stm32h7xx_hal_qspi.o(i.QSPI_WaitFlagStateUntilTimeout)
    i.RCCEx_PLL2_Config                      0x08004d5c   Section        0  stm32h7xx_hal_rcc_ex.o(i.RCCEx_PLL2_Config)
    RCCEx_PLL2_Config                        0x08004d5d   Thumb Code   284  stm32h7xx_hal_rcc_ex.o(i.RCCEx_PLL2_Config)
    i.RCCEx_PLL3_Config                      0x08004e7c   Section        0  stm32h7xx_hal_rcc_ex.o(i.RCCEx_PLL3_Config)
    RCCEx_PLL3_Config                        0x08004e7d   Thumb Code   284  stm32h7xx_hal_rcc_ex.o(i.RCCEx_PLL3_Config)
    i.SVC_Handler                            0x08004f9c   Section        0  stm32h7xx_it.o(i.SVC_Handler)
    i.SysTick_Handler                        0x08004f9e   Section        0  stm32h7xx_it.o(i.SysTick_Handler)
    i.SystemClock_Config                     0x08004fa4   Section        0  main.o(i.SystemClock_Config)
    i.SystemInit                             0x0800505c   Section        0  system_stm32h7xx.o(i.SystemInit)
    i.UARTEx_SetNbDataToProcess              0x08005138   Section        0  stm32h7xx_hal_uart_ex.o(i.UARTEx_SetNbDataToProcess)
    UARTEx_SetNbDataToProcess                0x08005139   Thumb Code    62  stm32h7xx_hal_uart_ex.o(i.UARTEx_SetNbDataToProcess)
    i.UART_AdvFeatureConfig                  0x0800517c   Section        0  stm32h7xx_hal_uart.o(i.UART_AdvFeatureConfig)
    i.UART_CheckIdleState                    0x08005244   Section        0  stm32h7xx_hal_uart.o(i.UART_CheckIdleState)
    i.UART_SetConfig                         0x080052a4   Section        0  stm32h7xx_hal_uart.o(i.UART_SetConfig)
    i.UART_WaitOnFlagUntilTimeout            0x08005650   Section        0  stm32h7xx_hal_uart.o(i.UART_WaitOnFlagUntilTimeout)
    i.UsageFault_Handler                     0x0800571a   Section        0  stm32h7xx_it.o(i.UsageFault_Handler)
    i.W9825G6JB_ClockEnable                  0x0800571c   Section        0  w9825g6jb.o(i.W9825G6JB_ClockEnable)
    i.W9825G6JB_Init                         0x08005744   Section        0  w9825g6jb.o(i.W9825G6JB_Init)
    i.W9825G6JB_ModeRegConfig                0x0800579c   Section        0  w9825g6jb.o(i.W9825G6JB_ModeRegConfig)
    i.W9825G6JB_Precharge                    0x080057e0   Section        0  w9825g6jb.o(i.W9825G6JB_Precharge)
    i.W9825G6JB_RefreshMode                  0x08005808   Section        0  w9825g6jb.o(i.W9825G6JB_RefreshMode)
    i.W9825G6JB_RefreshRate                  0x0800582c   Section        0  w9825g6jb.o(i.W9825G6JB_RefreshRate)
    i.__0printf$bare                         0x0800583c   Section        0  printfb.o(i.__0printf$bare)
    i.__NVIC_SetPriority                     0x0800584c   Section        0  stm32h7xx_hal_cortex.o(i.__NVIC_SetPriority)
    __NVIC_SetPriority                       0x0800584d   Thumb Code    34  stm32h7xx_hal_cortex.o(i.__NVIC_SetPriority)
    i.__scatterload_copy                     0x0800586e   Section       14  handlers.o(i.__scatterload_copy)
    i.__scatterload_null                     0x0800587c   Section        2  handlers.o(i.__scatterload_null)
    i.__scatterload_zeroinit                 0x0800587e   Section       14  handlers.o(i.__scatterload_zeroinit)
    i._printf_core                           0x0800588c   Section        0  printfb.o(i._printf_core)
    _printf_core                             0x0800588d   Thumb Code    34  printfb.o(i._printf_core)
    i.fputc                                  0x080058b0   Section        0  main.o(i.fputc)
    i.main                                   0x080058c8   Section        0  main.o(i.main)
    .constdata                               0x08005a14   Section      604  stm32h7xx_hal_jpeg.o(.constdata)
    JPEG_DCLUM_HuffTable                     0x08005a14   Data          28  stm32h7xx_hal_jpeg.o(.constdata)
    JPEG_DCCHROM_HuffTable                   0x08005a30   Data          28  stm32h7xx_hal_jpeg.o(.constdata)
    JPEG_ACLUM_HuffTable                     0x08005a4c   Data         178  stm32h7xx_hal_jpeg.o(.constdata)
    JPEG_ACCHROM_HuffTable                   0x08005afe   Data         178  stm32h7xx_hal_jpeg.o(.constdata)
    JPEG_ZIGZAG_ORDER                        0x08005bb0   Data          64  stm32h7xx_hal_jpeg.o(.constdata)
    JPEG_LUM_QuantTable                      0x08005bf0   Data          64  stm32h7xx_hal_jpeg.o(.constdata)
    JPEG_CHROM_QuantTable                    0x08005c30   Data          64  stm32h7xx_hal_jpeg.o(.constdata)
    .constdata                               0x08005c70   Section       24  stm32h7xx_hal_uart.o(.constdata)
    .constdata                               0x08005c88   Section       16  stm32h7xx_hal_uart_ex.o(.constdata)
    numerator                                0x08005c88   Data           8  stm32h7xx_hal_uart_ex.o(.constdata)
    denominator                              0x08005c90   Data           8  stm32h7xx_hal_uart_ex.o(.constdata)
    .constdata                               0x08005c98   Section       16  system_stm32h7xx.o(.constdata)
    .data                                    0x20000000   Section        8  fmc.o(.data)
    FMC_Initialized                          0x20000000   Data           4  fmc.o(.data)
    FMC_DeInitialized                        0x20000004   Data           4  fmc.o(.data)
    .data                                    0x20000008   Section       20  jpeg.o(.data)
    .data                                    0x2000001c   Section       12  stm32h7xx_hal.o(.data)
    .data                                    0x20000028   Section        8  system_stm32h7xx.o(.data)
    .data                                    0x20000030   Section        4  stdout.o(.data)
    .bss                                     0x20000034   Section       16  w9825g6jb.o(.bss)
    Command                                  0x20000034   Data          16  w9825g6jb.o(.bss)
    .bss                                     0x20000044   Section      104  dma2d.o(.bss)
    .bss                                     0x200000ac   Section       52  fmc.o(.bss)
    .bss                                     0x200000e0   Section      304  jpeg.o(.bss)
    .bss                                     0x20000210   Section      168  ltdc.o(.bss)
    .bss                                     0x200002b8   Section       76  quadspi.o(.bss)
    .bss                                     0x20000304   Section      144  usart.o(.bss)
    STACK                                    0x24000000   Section    524288  startup_stm32h750xx.o(STACK)

    Global Symbols

    Symbol Name                              Value     Ov Type        Size  Object(Section)

    BuildAttributes$$THM_ISAv4$E$P$D$K$B$S$7EM$VFPv5_D16$PE$PLD8$A:L22UL41UL21$X:L11$S22US41US21$IEEE1$IW$USESV6$~STKCKD$USESV7$~SHL$OSPACE$ROPI$EBA8$MICROLIB$REQ8$PRES8$EABIv2 0x00000000   Number         0  anon$$obj.o ABSOLUTE
    __ARM_use_no_argv                        0x00000000   Number         0  main.o ABSOLUTE
    __arm_fini_                               - Undefined Weak Reference
    __cpp_initialize__aeabi_                  - Undefined Weak Reference
    __cxa_finalize                            - Undefined Weak Reference
    __decompress                              - Undefined Weak Reference
    _clock_init                               - Undefined Weak Reference
    _microlib_exit                            - Undefined Weak Reference
    __Vectors_Size                           0x00000298   Number         0  startup_stm32h750xx.o ABSOLUTE
    __Vectors                                0x08000000   Data           4  startup_stm32h750xx.o(RESET)
    __Vectors_End                            0x08000298   Data           0  startup_stm32h750xx.o(RESET)
    __main                                   0x08000299   Thumb Code     0  entry.o(.ARM.Collect$$$$00000000)
    _main_stk                                0x08000299   Thumb Code     0  entry2.o(.ARM.Collect$$$$00000001)
    _main_scatterload                        0x0800029d   Thumb Code     0  entry5.o(.ARM.Collect$$$$00000004)
    __main_after_scatterload                 0x080002a1   Thumb Code     0  entry5.o(.ARM.Collect$$$$00000004)
    _main_clock                              0x080002a1   Thumb Code     0  entry7b.o(.ARM.Collect$$$$00000008)
    _main_cpp_init                           0x080002a1   Thumb Code     0  entry8b.o(.ARM.Collect$$$$0000000A)
    _main_init                               0x080002a1   Thumb Code     0  entry9a.o(.ARM.Collect$$$$0000000B)
    __rt_lib_shutdown_fini                   0x080002a9   Thumb Code     0  entry12b.o(.ARM.Collect$$$$0000000E)
    __rt_final_cpp                           0x080002ad   Thumb Code     0  entry10a.o(.ARM.Collect$$$$0000000F)
    __rt_final_exit                          0x080002ad   Thumb Code     0  entry11a.o(.ARM.Collect$$$$00000011)
    Reset_Handler                            0x080002b1   Thumb Code     8  startup_stm32h750xx.o(.text)
    ADC3_IRQHandler                          0x080002cb   Thumb Code     0  startup_stm32h750xx.o(.text)
    ADC_IRQHandler                           0x080002cb   Thumb Code     0  startup_stm32h750xx.o(.text)
    BDMA_Channel0_IRQHandler                 0x080002cb   Thumb Code     0  startup_stm32h750xx.o(.text)
    BDMA_Channel1_IRQHandler                 0x080002cb   Thumb Code     0  startup_stm32h750xx.o(.text)
    BDMA_Channel2_IRQHandler                 0x080002cb   Thumb Code     0  startup_stm32h750xx.o(.text)
    BDMA_Channel3_IRQHandler                 0x080002cb   Thumb Code     0  startup_stm32h750xx.o(.text)
    BDMA_Channel4_IRQHandler                 0x080002cb   Thumb Code     0  startup_stm32h750xx.o(.text)
    BDMA_Channel5_IRQHandler                 0x080002cb   Thumb Code     0  startup_stm32h750xx.o(.text)
    BDMA_Channel6_IRQHandler                 0x080002cb   Thumb Code     0  startup_stm32h750xx.o(.text)
    BDMA_Channel7_IRQHandler                 0x080002cb   Thumb Code     0  startup_stm32h750xx.o(.text)
    CEC_IRQHandler                           0x080002cb   Thumb Code     0  startup_stm32h750xx.o(.text)
    COMP1_IRQHandler                         0x080002cb   Thumb Code     0  startup_stm32h750xx.o(.text)
    CRS_IRQHandler                           0x080002cb   Thumb Code     0  startup_stm32h750xx.o(.text)
    CRYP_IRQHandler                          0x080002cb   Thumb Code     0  startup_stm32h750xx.o(.text)
    DCMI_IRQHandler                          0x080002cb   Thumb Code     0  startup_stm32h750xx.o(.text)
    DFSDM1_FLT0_IRQHandler                   0x080002cb   Thumb Code     0  startup_stm32h750xx.o(.text)
    DFSDM1_FLT1_IRQHandler                   0x080002cb   Thumb Code     0  startup_stm32h750xx.o(.text)
    DFSDM1_FLT2_IRQHandler                   0x080002cb   Thumb Code     0  startup_stm32h750xx.o(.text)
    DFSDM1_FLT3_IRQHandler                   0x080002cb   Thumb Code     0  startup_stm32h750xx.o(.text)
    DMA1_Stream0_IRQHandler                  0x080002cb   Thumb Code     0  startup_stm32h750xx.o(.text)
    DMA1_Stream1_IRQHandler                  0x080002cb   Thumb Code     0  startup_stm32h750xx.o(.text)
    DMA1_Stream2_IRQHandler                  0x080002cb   Thumb Code     0  startup_stm32h750xx.o(.text)
    DMA1_Stream3_IRQHandler                  0x080002cb   Thumb Code     0  startup_stm32h750xx.o(.text)
    DMA1_Stream4_IRQHandler                  0x080002cb   Thumb Code     0  startup_stm32h750xx.o(.text)
    DMA1_Stream5_IRQHandler                  0x080002cb   Thumb Code     0  startup_stm32h750xx.o(.text)
    DMA1_Stream6_IRQHandler                  0x080002cb   Thumb Code     0  startup_stm32h750xx.o(.text)
    DMA1_Stream7_IRQHandler                  0x080002cb   Thumb Code     0  startup_stm32h750xx.o(.text)
    DMA2D_IRQHandler                         0x080002cb   Thumb Code     0  startup_stm32h750xx.o(.text)
    DMA2_Stream0_IRQHandler                  0x080002cb   Thumb Code     0  startup_stm32h750xx.o(.text)
    DMA2_Stream1_IRQHandler                  0x080002cb   Thumb Code     0  startup_stm32h750xx.o(.text)
    DMA2_Stream2_IRQHandler                  0x080002cb   Thumb Code     0  startup_stm32h750xx.o(.text)
    DMA2_Stream3_IRQHandler                  0x080002cb   Thumb Code     0  startup_stm32h750xx.o(.text)
    DMA2_Stream4_IRQHandler                  0x080002cb   Thumb Code     0  startup_stm32h750xx.o(.text)
    DMA2_Stream5_IRQHandler                  0x080002cb   Thumb Code     0  startup_stm32h750xx.o(.text)
    DMA2_Stream6_IRQHandler                  0x080002cb   Thumb Code     0  startup_stm32h750xx.o(.text)
    DMA2_Stream7_IRQHandler                  0x080002cb   Thumb Code     0  startup_stm32h750xx.o(.text)
    DMAMUX1_OVR_IRQHandler                   0x080002cb   Thumb Code     0  startup_stm32h750xx.o(.text)
    DMAMUX2_OVR_IRQHandler                   0x080002cb   Thumb Code     0  startup_stm32h750xx.o(.text)
    ECC_IRQHandler                           0x080002cb   Thumb Code     0  startup_stm32h750xx.o(.text)
    ETH_IRQHandler                           0x080002cb   Thumb Code     0  startup_stm32h750xx.o(.text)
    ETH_WKUP_IRQHandler                      0x080002cb   Thumb Code     0  startup_stm32h750xx.o(.text)
    EXTI0_IRQHandler                         0x080002cb   Thumb Code     0  startup_stm32h750xx.o(.text)
    EXTI15_10_IRQHandler                     0x080002cb   Thumb Code     0  startup_stm32h750xx.o(.text)
    EXTI1_IRQHandler                         0x080002cb   Thumb Code     0  startup_stm32h750xx.o(.text)
    EXTI2_IRQHandler                         0x080002cb   Thumb Code     0  startup_stm32h750xx.o(.text)
    EXTI3_IRQHandler                         0x080002cb   Thumb Code     0  startup_stm32h750xx.o(.text)
    EXTI4_IRQHandler                         0x080002cb   Thumb Code     0  startup_stm32h750xx.o(.text)
    EXTI9_5_IRQHandler                       0x080002cb   Thumb Code     0  startup_stm32h750xx.o(.text)
    FDCAN1_IT0_IRQHandler                    0x080002cb   Thumb Code     0  startup_stm32h750xx.o(.text)
    FDCAN1_IT1_IRQHandler                    0x080002cb   Thumb Code     0  startup_stm32h750xx.o(.text)
    FDCAN2_IT0_IRQHandler                    0x080002cb   Thumb Code     0  startup_stm32h750xx.o(.text)
    FDCAN2_IT1_IRQHandler                    0x080002cb   Thumb Code     0  startup_stm32h750xx.o(.text)
    FDCAN_CAL_IRQHandler                     0x080002cb   Thumb Code     0  startup_stm32h750xx.o(.text)
    FLASH_IRQHandler                         0x080002cb   Thumb Code     0  startup_stm32h750xx.o(.text)
    FMC_IRQHandler                           0x080002cb   Thumb Code     0  startup_stm32h750xx.o(.text)
    FPU_IRQHandler                           0x080002cb   Thumb Code     0  startup_stm32h750xx.o(.text)
    HASH_RNG_IRQHandler                      0x080002cb   Thumb Code     0  startup_stm32h750xx.o(.text)
    HRTIM1_FLT_IRQHandler                    0x080002cb   Thumb Code     0  startup_stm32h750xx.o(.text)
    HRTIM1_Master_IRQHandler                 0x080002cb   Thumb Code     0  startup_stm32h750xx.o(.text)
    HRTIM1_TIMA_IRQHandler                   0x080002cb   Thumb Code     0  startup_stm32h750xx.o(.text)
    HRTIM1_TIMB_IRQHandler                   0x080002cb   Thumb Code     0  startup_stm32h750xx.o(.text)
    HRTIM1_TIMC_IRQHandler                   0x080002cb   Thumb Code     0  startup_stm32h750xx.o(.text)
    HRTIM1_TIMD_IRQHandler                   0x080002cb   Thumb Code     0  startup_stm32h750xx.o(.text)
    HRTIM1_TIME_IRQHandler                   0x080002cb   Thumb Code     0  startup_stm32h750xx.o(.text)
    HSEM1_IRQHandler                         0x080002cb   Thumb Code     0  startup_stm32h750xx.o(.text)
    I2C1_ER_IRQHandler                       0x080002cb   Thumb Code     0  startup_stm32h750xx.o(.text)
    I2C1_EV_IRQHandler                       0x080002cb   Thumb Code     0  startup_stm32h750xx.o(.text)
    I2C2_ER_IRQHandler                       0x080002cb   Thumb Code     0  startup_stm32h750xx.o(.text)
    I2C2_EV_IRQHandler                       0x080002cb   Thumb Code     0  startup_stm32h750xx.o(.text)
    I2C3_ER_IRQHandler                       0x080002cb   Thumb Code     0  startup_stm32h750xx.o(.text)
    I2C3_EV_IRQHandler                       0x080002cb   Thumb Code     0  startup_stm32h750xx.o(.text)
    I2C4_ER_IRQHandler                       0x080002cb   Thumb Code     0  startup_stm32h750xx.o(.text)
    I2C4_EV_IRQHandler                       0x080002cb   Thumb Code     0  startup_stm32h750xx.o(.text)
    LPTIM1_IRQHandler                        0x080002cb   Thumb Code     0  startup_stm32h750xx.o(.text)
    LPTIM2_IRQHandler                        0x080002cb   Thumb Code     0  startup_stm32h750xx.o(.text)
    LPTIM3_IRQHandler                        0x080002cb   Thumb Code     0  startup_stm32h750xx.o(.text)
    LPTIM4_IRQHandler                        0x080002cb   Thumb Code     0  startup_stm32h750xx.o(.text)
    LPTIM5_IRQHandler                        0x080002cb   Thumb Code     0  startup_stm32h750xx.o(.text)
    LPUART1_IRQHandler                       0x080002cb   Thumb Code     0  startup_stm32h750xx.o(.text)
    LTDC_ER_IRQHandler                       0x080002cb   Thumb Code     0  startup_stm32h750xx.o(.text)
    MDIOS_IRQHandler                         0x080002cb   Thumb Code     0  startup_stm32h750xx.o(.text)
    MDIOS_WKUP_IRQHandler                    0x080002cb   Thumb Code     0  startup_stm32h750xx.o(.text)
    OTG_FS_EP1_IN_IRQHandler                 0x080002cb   Thumb Code     0  startup_stm32h750xx.o(.text)
    OTG_FS_EP1_OUT_IRQHandler                0x080002cb   Thumb Code     0  startup_stm32h750xx.o(.text)
    OTG_FS_IRQHandler                        0x080002cb   Thumb Code     0  startup_stm32h750xx.o(.text)
    OTG_FS_WKUP_IRQHandler                   0x080002cb   Thumb Code     0  startup_stm32h750xx.o(.text)
    OTG_HS_EP1_IN_IRQHandler                 0x080002cb   Thumb Code     0  startup_stm32h750xx.o(.text)
    OTG_HS_EP1_OUT_IRQHandler                0x080002cb   Thumb Code     0  startup_stm32h750xx.o(.text)
    OTG_HS_IRQHandler                        0x080002cb   Thumb Code     0  startup_stm32h750xx.o(.text)
    OTG_HS_WKUP_IRQHandler                   0x080002cb   Thumb Code     0  startup_stm32h750xx.o(.text)
    PVD_AVD_IRQHandler                       0x080002cb   Thumb Code     0  startup_stm32h750xx.o(.text)
    QUADSPI_IRQHandler                       0x080002cb   Thumb Code     0  startup_stm32h750xx.o(.text)
    RCC_IRQHandler                           0x080002cb   Thumb Code     0  startup_stm32h750xx.o(.text)
    RTC_Alarm_IRQHandler                     0x080002cb   Thumb Code     0  startup_stm32h750xx.o(.text)
    RTC_WKUP_IRQHandler                      0x080002cb   Thumb Code     0  startup_stm32h750xx.o(.text)
    SAI1_IRQHandler                          0x080002cb   Thumb Code     0  startup_stm32h750xx.o(.text)
    SAI2_IRQHandler                          0x080002cb   Thumb Code     0  startup_stm32h750xx.o(.text)
    SAI3_IRQHandler                          0x080002cb   Thumb Code     0  startup_stm32h750xx.o(.text)
    SAI4_IRQHandler                          0x080002cb   Thumb Code     0  startup_stm32h750xx.o(.text)
    SDMMC1_IRQHandler                        0x080002cb   Thumb Code     0  startup_stm32h750xx.o(.text)
    SDMMC2_IRQHandler                        0x080002cb   Thumb Code     0  startup_stm32h750xx.o(.text)
    SPDIF_RX_IRQHandler                      0x080002cb   Thumb Code     0  startup_stm32h750xx.o(.text)
    SPI1_IRQHandler                          0x080002cb   Thumb Code     0  startup_stm32h750xx.o(.text)
    SPI2_IRQHandler                          0x080002cb   Thumb Code     0  startup_stm32h750xx.o(.text)
    SPI3_IRQHandler                          0x080002cb   Thumb Code     0  startup_stm32h750xx.o(.text)
    SPI4_IRQHandler                          0x080002cb   Thumb Code     0  startup_stm32h750xx.o(.text)
    SPI5_IRQHandler                          0x080002cb   Thumb Code     0  startup_stm32h750xx.o(.text)
    SPI6_IRQHandler                          0x080002cb   Thumb Code     0  startup_stm32h750xx.o(.text)
    SWPMI1_IRQHandler                        0x080002cb   Thumb Code     0  startup_stm32h750xx.o(.text)
    TAMP_STAMP_IRQHandler                    0x080002cb   Thumb Code     0  startup_stm32h750xx.o(.text)
    TIM15_IRQHandler                         0x080002cb   Thumb Code     0  startup_stm32h750xx.o(.text)
    TIM16_IRQHandler                         0x080002cb   Thumb Code     0  startup_stm32h750xx.o(.text)
    TIM17_IRQHandler                         0x080002cb   Thumb Code     0  startup_stm32h750xx.o(.text)
    TIM1_BRK_IRQHandler                      0x080002cb   Thumb Code     0  startup_stm32h750xx.o(.text)
    TIM1_CC_IRQHandler                       0x080002cb   Thumb Code     0  startup_stm32h750xx.o(.text)
    TIM1_TRG_COM_IRQHandler                  0x080002cb   Thumb Code     0  startup_stm32h750xx.o(.text)
    TIM1_UP_IRQHandler                       0x080002cb   Thumb Code     0  startup_stm32h750xx.o(.text)
    TIM2_IRQHandler                          0x080002cb   Thumb Code     0  startup_stm32h750xx.o(.text)
    TIM3_IRQHandler                          0x080002cb   Thumb Code     0  startup_stm32h750xx.o(.text)
    TIM4_IRQHandler                          0x080002cb   Thumb Code     0  startup_stm32h750xx.o(.text)
    TIM5_IRQHandler                          0x080002cb   Thumb Code     0  startup_stm32h750xx.o(.text)
    TIM6_DAC_IRQHandler                      0x080002cb   Thumb Code     0  startup_stm32h750xx.o(.text)
    TIM7_IRQHandler                          0x080002cb   Thumb Code     0  startup_stm32h750xx.o(.text)
    TIM8_BRK_TIM12_IRQHandler                0x080002cb   Thumb Code     0  startup_stm32h750xx.o(.text)
    TIM8_CC_IRQHandler                       0x080002cb   Thumb Code     0  startup_stm32h750xx.o(.text)
    TIM8_TRG_COM_TIM14_IRQHandler            0x080002cb   Thumb Code     0  startup_stm32h750xx.o(.text)
    TIM8_UP_TIM13_IRQHandler                 0x080002cb   Thumb Code     0  startup_stm32h750xx.o(.text)
    UART4_IRQHandler                         0x080002cb   Thumb Code     0  startup_stm32h750xx.o(.text)
    UART5_IRQHandler                         0x080002cb   Thumb Code     0  startup_stm32h750xx.o(.text)
    UART7_IRQHandler                         0x080002cb   Thumb Code     0  startup_stm32h750xx.o(.text)
    UART8_IRQHandler                         0x080002cb   Thumb Code     0  startup_stm32h750xx.o(.text)
    USART1_IRQHandler                        0x080002cb   Thumb Code     0  startup_stm32h750xx.o(.text)
    USART2_IRQHandler                        0x080002cb   Thumb Code     0  startup_stm32h750xx.o(.text)
    USART3_IRQHandler                        0x080002cb   Thumb Code     0  startup_stm32h750xx.o(.text)
    USART6_IRQHandler                        0x080002cb   Thumb Code     0  startup_stm32h750xx.o(.text)
    WAKEUP_PIN_IRQHandler                    0x080002cb   Thumb Code     0  startup_stm32h750xx.o(.text)
    WWDG_IRQHandler                          0x080002cb   Thumb Code     0  startup_stm32h750xx.o(.text)
    __aeabi_uldivmod                         0x080002d5   Thumb Code    98  uldiv.o(.text)
    __aeabi_memcpy                           0x08000337   Thumb Code    36  memcpya.o(.text)
    __aeabi_memcpy4                          0x08000337   Thumb Code     0  memcpya.o(.text)
    __aeabi_memcpy8                          0x08000337   Thumb Code     0  memcpya.o(.text)
    __aeabi_memset                           0x0800035b   Thumb Code    14  memseta.o(.text)
    __aeabi_memset4                          0x0800035b   Thumb Code     0  memseta.o(.text)
    __aeabi_memset8                          0x0800035b   Thumb Code     0  memseta.o(.text)
    __aeabi_memclr                           0x08000369   Thumb Code     4  memseta.o(.text)
    __aeabi_memclr4                          0x08000369   Thumb Code     0  memseta.o(.text)
    __aeabi_memclr8                          0x08000369   Thumb Code     0  memseta.o(.text)
    _memset$wrapper                          0x0800036d   Thumb Code    18  memseta.o(.text)
    __aeabi_llsl                             0x0800037f   Thumb Code    30  llshl.o(.text)
    _ll_shift_l                              0x0800037f   Thumb Code     0  llshl.o(.text)
    __aeabi_llsr                             0x0800039d   Thumb Code    32  llushr.o(.text)
    _ll_ushift_r                             0x0800039d   Thumb Code     0  llushr.o(.text)
    __scatterload                            0x080003bd   Thumb Code    28  init.o(.text)
    __scatterload_rt2                        0x080003bd   Thumb Code     0  init.o(.text)
    BSP_QSPI_W25Q256_EnableMemoryMappedMode  0x0800049d   Thumb Code    88  bsp_qspi_w25q256.o(i.BSP_QSPI_W25Q256_EnableMemoryMappedMode)
    BSP_QSPI_W25Q256_Init                    0x080004f9   Thumb Code   174  bsp_qspi_w25q256.o(i.BSP_QSPI_W25Q256_Init)
    BSP_QSPI_W25Q256_ReadJedecID             0x080005ad   Thumb Code    98  bsp_qspi_w25q256.o(i.BSP_QSPI_W25Q256_ReadJedecID)
    BSP_QSPI_W25Q256_ResetMemory             0x08000615   Thumb Code    86  bsp_qspi_w25q256.o(i.BSP_QSPI_W25Q256_ResetMemory)
    BusFault_Handler                         0x080006e9   Thumb Code     2  stm32h7xx_it.o(i.BusFault_Handler)
    DMA2D_Convert_MemCopy                    0x080006ed   Thumb Code    62  dma2d.o(i.DMA2D_Convert_MemCopy)
    DMA2D_Copy_YCbCr_To_RGB                  0x08000735   Thumb Code   154  dma2d.o(i.DMA2D_Copy_YCbCr_To_RGB)
    DMA2D_Fill                               0x080007d9   Thumb Code    44  dma2d.o(i.DMA2D_Fill)
    DebugMon_Handler                         0x08000809   Thumb Code     2  stm32h7xx_it.o(i.DebugMon_Handler)
    Error_Handler                            0x0800080b   Thumb Code     4  main.o(i.Error_Handler)
    FMC_SDRAM_Init                           0x0800080f   Thumb Code   106  stm32h7xx_ll_fmc.o(i.FMC_SDRAM_Init)
    FMC_SDRAM_ProgramRefreshRate             0x08000879   Thumb Code    18  stm32h7xx_ll_fmc.o(i.FMC_SDRAM_ProgramRefreshRate)
    FMC_SDRAM_SendCommand                    0x0800088b   Thumb Code    38  stm32h7xx_ll_fmc.o(i.FMC_SDRAM_SendCommand)
    FMC_SDRAM_Timing_Init                    0x080008b1   Thumb Code   164  stm32h7xx_ll_fmc.o(i.FMC_SDRAM_Timing_Init)
    HAL_DMA2D_ConfigLayer                    0x08000961   Thumb Code   190  stm32h7xx_hal_dma2d.o(i.HAL_DMA2D_ConfigLayer)
    HAL_DMA2D_Init                           0x08000a29   Thumb Code   130  stm32h7xx_hal_dma2d.o(i.HAL_DMA2D_Init)
    HAL_DMA2D_MspInit                        0x08000ab1   Thumb Code    30  dma2d.o(i.HAL_DMA2D_MspInit)
    HAL_GPIO_Init                            0x08000bcd   Thumb Code   506  stm32h7xx_hal_gpio.o(i.HAL_GPIO_Init)
    HAL_GPIO_WritePin                        0x08000df9   Thumb Code    10  stm32h7xx_hal_gpio.o(i.HAL_GPIO_WritePin)
    HAL_GetREVID                             0x08000e05   Thumb Code     8  stm32h7xx_hal.o(i.HAL_GetREVID)
    HAL_GetTick                              0x08000e11   Thumb Code     6  stm32h7xx_hal.o(i.HAL_GetTick)
    HAL_IncTick                              0x08000e1d   Thumb Code    12  stm32h7xx_hal.o(i.HAL_IncTick)
    HAL_Init                                 0x08000e2d   Thumb Code    74  stm32h7xx_hal.o(i.HAL_Init)
    HAL_InitTick                             0x08000e89   Thumb Code    56  stm32h7xx_hal.o(i.HAL_InitTick)
    HAL_JPEG_ConfigInputBuffer               0x08000ec9   Thumb Code     6  stm32h7xx_hal_jpeg.o(i.HAL_JPEG_ConfigInputBuffer)
    HAL_JPEG_ConfigOutputBuffer              0x08000ecf   Thumb Code     6  stm32h7xx_hal_jpeg.o(i.HAL_JPEG_ConfigOutputBuffer)
    HAL_JPEG_DataReadyCallback               0x08000ed5   Thumb Code    16  jpeg.o(i.HAL_JPEG_DataReadyCallback)
    HAL_JPEG_DecodeCpltCallback              0x08000ee9   Thumb Code     8  jpeg.o(i.HAL_JPEG_DecodeCpltCallback)
    HAL_JPEG_Decode_DMA                      0x08000ef5   Thumb Code   114  stm32h7xx_hal_jpeg.o(i.HAL_JPEG_Decode_DMA)
    HAL_JPEG_EncodeCpltCallback              0x08000f67   Thumb Code     2  stm32h7xx_hal_jpeg.o(i.HAL_JPEG_EncodeCpltCallback)
    HAL_JPEG_ErrorCallback                   0x08000f69   Thumb Code     2  stm32h7xx_hal_jpeg.o(i.HAL_JPEG_ErrorCallback)
    HAL_JPEG_GetDataCallback                 0x08000f6d   Thumb Code    46  jpeg.o(i.HAL_JPEG_GetDataCallback)
    HAL_JPEG_GetInfo                         0x08000fa1   Thumb Code   250  stm32h7xx_hal_jpeg.o(i.HAL_JPEG_GetInfo)
    HAL_JPEG_IRQHandler                      0x080010a1   Thumb Code    42  stm32h7xx_hal_jpeg.o(i.HAL_JPEG_IRQHandler)
    HAL_JPEG_InfoReadyCallback               0x080010cb   Thumb Code     2  stm32h7xx_hal_jpeg.o(i.HAL_JPEG_InfoReadyCallback)
    HAL_JPEG_Init                            0x080010cd   Thumb Code   150  stm32h7xx_hal_jpeg.o(i.HAL_JPEG_Init)
    HAL_JPEG_MspInit                         0x08001169   Thumb Code   244  jpeg.o(i.HAL_JPEG_MspInit)
    HAL_JPEG_Pause                           0x0800126d   Thumb Code    92  stm32h7xx_hal_jpeg.o(i.HAL_JPEG_Pause)
    HAL_LTDC_ConfigLayer                     0x080012c9   Thumb Code    82  stm32h7xx_hal_ltdc.o(i.HAL_LTDC_ConfigLayer)
    HAL_LTDC_ErrorCallback                   0x0800131b   Thumb Code     2  stm32h7xx_hal_ltdc.o(i.HAL_LTDC_ErrorCallback)
    HAL_LTDC_IRQHandler                      0x0800131d   Thumb Code   200  stm32h7xx_hal_ltdc.o(i.HAL_LTDC_IRQHandler)
    HAL_LTDC_Init                            0x080013e5   Thumb Code   242  stm32h7xx_hal_ltdc.o(i.HAL_LTDC_Init)
    HAL_LTDC_LineEventCallback               0x080014dd   Thumb Code     2  ltdc.o(i.HAL_LTDC_LineEventCallback)
    HAL_LTDC_MspInit                         0x080014e1   Thumb Code   428  ltdc.o(i.HAL_LTDC_MspInit)
    HAL_LTDC_ReloadEventCallback             0x080016b5   Thumb Code     2  stm32h7xx_hal_ltdc.o(i.HAL_LTDC_ReloadEventCallback)
    HAL_MDMA_Abort_IT                        0x080016b7   Thumb Code    38  stm32h7xx_hal_mdma.o(i.HAL_MDMA_Abort_IT)
    HAL_MDMA_ConfigPostRequestMask           0x080016dd   Thumb Code    88  stm32h7xx_hal_mdma.o(i.HAL_MDMA_ConfigPostRequestMask)
    HAL_MDMA_IRQHandler                      0x08001735   Thumb Code   370  stm32h7xx_hal_mdma.o(i.HAL_MDMA_IRQHandler)
    HAL_MDMA_Init                            0x080018ad   Thumb Code    94  stm32h7xx_hal_mdma.o(i.HAL_MDMA_Init)
    HAL_MDMA_Start_IT                        0x0800190b   Thumb Code   154  stm32h7xx_hal_mdma.o(i.HAL_MDMA_Start_IT)
    HAL_MspInit                              0x080019a5   Thumb Code    22  stm32h7xx_hal_msp.o(i.HAL_MspInit)
    HAL_NVIC_EnableIRQ                       0x080019c1   Thumb Code    26  stm32h7xx_hal_cortex.o(i.HAL_NVIC_EnableIRQ)
    HAL_NVIC_SetPriority                     0x080019dd   Thumb Code    60  stm32h7xx_hal_cortex.o(i.HAL_NVIC_SetPriority)
    HAL_NVIC_SetPriorityGrouping             0x08001a1d   Thumb Code    28  stm32h7xx_hal_cortex.o(i.HAL_NVIC_SetPriorityGrouping)
    HAL_PWREx_ConfigSupply                   0x08001a41   Thumb Code    78  stm32h7xx_hal_pwr_ex.o(i.HAL_PWREx_ConfigSupply)
    HAL_QSPI_AutoPolling                     0x08001a95   Thumb Code   172  stm32h7xx_hal_qspi.o(i.HAL_QSPI_AutoPolling)
    HAL_QSPI_Command                         0x08001b41   Thumb Code   134  stm32h7xx_hal_qspi.o(i.HAL_QSPI_Command)
    HAL_QSPI_Init                            0x08001bc9   Thumb Code   162  stm32h7xx_hal_qspi.o(i.HAL_QSPI_Init)
    HAL_QSPI_MemoryMapped                    0x08001c75   Thumb Code   140  stm32h7xx_hal_qspi.o(i.HAL_QSPI_MemoryMapped)
    HAL_QSPI_MspInit                         0x08001d01   Thumb Code   212  quadspi.o(i.HAL_QSPI_MspInit)
    HAL_QSPI_Receive                         0x08001de5   Thumb Code   190  stm32h7xx_hal_qspi.o(i.HAL_QSPI_Receive)
    HAL_QSPI_Transmit                        0x08001ea5   Thumb Code   182  stm32h7xx_hal_qspi.o(i.HAL_QSPI_Transmit)
    HAL_RCCEx_GetD3PCLK1Freq                 0x08001f5d   Thumb Code    26  stm32h7xx_hal_rcc_ex.o(i.HAL_RCCEx_GetD3PCLK1Freq)
    HAL_RCCEx_GetPLL2ClockFreq               0x08001f81   Thumb Code   296  stm32h7xx_hal_rcc_ex.o(i.HAL_RCCEx_GetPLL2ClockFreq)
    HAL_RCCEx_GetPLL3ClockFreq               0x080020c5   Thumb Code   296  stm32h7xx_hal_rcc_ex.o(i.HAL_RCCEx_GetPLL3ClockFreq)
    HAL_RCCEx_PeriphCLKConfig                0x08002209   Thumb Code  2258  stm32h7xx_hal_rcc_ex.o(i.HAL_RCCEx_PeriphCLKConfig)
    HAL_RCC_ClockConfig                      0x08002add   Thumb Code   580  stm32h7xx_hal_rcc.o(i.HAL_RCC_ClockConfig)
    HAL_RCC_GetHCLKFreq                      0x08002d39   Thumb Code    52  stm32h7xx_hal_rcc.o(i.HAL_RCC_GetHCLKFreq)
    HAL_RCC_GetPCLK1Freq                     0x08002d7d   Thumb Code    26  stm32h7xx_hal_rcc.o(i.HAL_RCC_GetPCLK1Freq)
    HAL_RCC_GetPCLK2Freq                     0x08002da1   Thumb Code    26  stm32h7xx_hal_rcc.o(i.HAL_RCC_GetPCLK2Freq)
    HAL_RCC_GetSysClockFreq                  0x08002dc5   Thumb Code   278  stm32h7xx_hal_rcc.o(i.HAL_RCC_GetSysClockFreq)
    HAL_RCC_OscConfig                        0x08002efd   Thumb Code  1322  stm32h7xx_hal_rcc.o(i.HAL_RCC_OscConfig)
    HAL_SDRAM_Init                           0x0800342d   Thumb Code    76  stm32h7xx_hal_sdram.o(i.HAL_SDRAM_Init)
    HAL_SDRAM_MspInit                        0x0800347d   Thumb Code     4  fmc.o(i.HAL_SDRAM_MspInit)
    HAL_SDRAM_ProgramRefreshRate             0x08003481   Thumb Code    46  stm32h7xx_hal_sdram.o(i.HAL_SDRAM_ProgramRefreshRate)
    HAL_SDRAM_SendCommand                    0x080034b1   Thumb Code    60  stm32h7xx_hal_sdram.o(i.HAL_SDRAM_SendCommand)
    HAL_SYSTICK_Config                       0x080034ed   Thumb Code    38  stm32h7xx_hal_cortex.o(i.HAL_SYSTICK_Config)
    HAL_UARTEx_DisableFifoMode               0x08003513   Thumb Code    64  stm32h7xx_hal_uart_ex.o(i.HAL_UARTEx_DisableFifoMode)
    HAL_UARTEx_SetRxFifoThreshold            0x08003553   Thumb Code    76  stm32h7xx_hal_uart_ex.o(i.HAL_UARTEx_SetRxFifoThreshold)
    HAL_UARTEx_SetTxFifoThreshold            0x0800359f   Thumb Code    76  stm32h7xx_hal_uart_ex.o(i.HAL_UARTEx_SetTxFifoThreshold)
    HAL_UART_Init                            0x080035eb   Thumb Code   106  stm32h7xx_hal_uart.o(i.HAL_UART_Init)
    HAL_UART_MspInit                         0x08003655   Thumb Code   118  usart.o(i.HAL_UART_MspInit)
    HAL_UART_Transmit                        0x080036d9   Thumb Code   190  stm32h7xx_hal_uart.o(i.HAL_UART_Transmit)
    HardFault_Handler                        0x08003797   Thumb Code     2  stm32h7xx_it.o(i.HardFault_Handler)
    JPEG_Decode_DMA                          0x08003ad1   Thumb Code    34  jpeg.o(i.JPEG_Decode_DMA)
    JPEG_IRQHandler                          0x08003af9   Thumb Code     6  stm32h7xx_it.o(i.JPEG_IRQHandler)
    JPEG_Length_Check                        0x08003b8d   Thumb Code    24  jpeg.o(i.JPEG_Length_Check)
    LTDC_Fill_Rec                            0x080043cd   Thumb Code    60  ltdc.o(i.LTDC_Fill_Rec)
    LTDC_IRQHandler                          0x0800440d   Thumb Code     6  stm32h7xx_it.o(i.LTDC_IRQHandler)
    LTDC_Jpeg                                0x08004419   Thumb Code   114  ltdc.o(i.LTDC_Jpeg)
    MDMA_IRQHandler                          0x08004669   Thumb Code    18  stm32h7xx_it.o(i.MDMA_IRQHandler)
    MX_DMA2D_Init                            0x080047b5   Thumb Code    64  dma2d.o(i.MX_DMA2D_Init)
    MX_FMC_Init                              0x080047fd   Thumb Code    98  fmc.o(i.MX_FMC_Init)
    MX_GPIO_Init                             0x08004869   Thumb Code   264  gpio.o(i.MX_GPIO_Init)
    MX_JPEG_Init                             0x08004981   Thumb Code    28  jpeg.o(i.MX_JPEG_Init)
    MX_LTDC_Init                             0x080049a5   Thumb Code   222  ltdc.o(i.MX_LTDC_Init)
    MX_MDMA_Init                             0x08004a91   Thumb Code    40  mdma.o(i.MX_MDMA_Init)
    MX_QUADSPI_Init                          0x08004abd   Thumb Code    56  quadspi.o(i.MX_QUADSPI_Init)
    MX_UART4_Init                            0x08004afd   Thumb Code    94  usart.o(i.MX_UART4_Init)
    MemManage_Handler                        0x08004b65   Thumb Code     2  stm32h7xx_it.o(i.MemManage_Handler)
    NMI_Handler                              0x08004b67   Thumb Code     2  stm32h7xx_it.o(i.NMI_Handler)
    PendSV_Handler                           0x08004b69   Thumb Code     2  stm32h7xx_it.o(i.PendSV_Handler)
    SVC_Handler                              0x08004f9d   Thumb Code     2  stm32h7xx_it.o(i.SVC_Handler)
    SysTick_Handler                          0x08004f9f   Thumb Code     4  stm32h7xx_it.o(i.SysTick_Handler)
    SystemClock_Config                       0x08004fa5   Thumb Code   170  main.o(i.SystemClock_Config)
    SystemInit                               0x0800505d   Thumb Code   180  system_stm32h7xx.o(i.SystemInit)
    UART_AdvFeatureConfig                    0x0800517d   Thumb Code   200  stm32h7xx_hal_uart.o(i.UART_AdvFeatureConfig)
    UART_CheckIdleState                      0x08005245   Thumb Code    96  stm32h7xx_hal_uart.o(i.UART_CheckIdleState)
    UART_SetConfig                           0x080052a5   Thumb Code   876  stm32h7xx_hal_uart.o(i.UART_SetConfig)
    UART_WaitOnFlagUntilTimeout              0x08005651   Thumb Code   202  stm32h7xx_hal_uart.o(i.UART_WaitOnFlagUntilTimeout)
    UsageFault_Handler                       0x0800571b   Thumb Code     2  stm32h7xx_it.o(i.UsageFault_Handler)
    W9825G6JB_ClockEnable                    0x0800571d   Thumb Code    34  w9825g6jb.o(i.W9825G6JB_ClockEnable)
    W9825G6JB_Init                           0x08005745   Thumb Code    88  w9825g6jb.o(i.W9825G6JB_Init)
    W9825G6JB_ModeRegConfig                  0x0800579d   Thumb Code    64  w9825g6jb.o(i.W9825G6JB_ModeRegConfig)
    W9825G6JB_Precharge                      0x080057e1   Thumb Code    36  w9825g6jb.o(i.W9825G6JB_Precharge)
    W9825G6JB_RefreshMode                    0x08005809   Thumb Code    32  w9825g6jb.o(i.W9825G6JB_RefreshMode)
    W9825G6JB_RefreshRate                    0x0800582d   Thumb Code    16  w9825g6jb.o(i.W9825G6JB_RefreshRate)
    __0printf$bare                           0x0800583d   Thumb Code     8  printfb.o(i.__0printf$bare)
    __1printf$bare                           0x0800583d   Thumb Code     0  printfb.o(i.__0printf$bare)
    __2printf                                0x0800583d   Thumb Code     0  printfb.o(i.__0printf$bare)
    __scatterload_copy                       0x0800586f   Thumb Code    14  handlers.o(i.__scatterload_copy)
    __scatterload_null                       0x0800587d   Thumb Code     2  handlers.o(i.__scatterload_null)
    __scatterload_zeroinit                   0x0800587f   Thumb Code    14  handlers.o(i.__scatterload_zeroinit)
    fputc                                    0x080058b1   Thumb Code    20  main.o(i.fputc)
    main                                     0x080058c9   Thumb Code   294  main.o(i.main)
    UARTPrescTable                           0x08005c70   Data          24  stm32h7xx_hal_uart.o(.constdata)
    D1CorePrescTable                         0x08005c98   Data          16  system_stm32h7xx.o(.constdata)
    Region$$Table$$Base                      0x08005ca8   Number         0  anon$$obj.o(Region$$Table)
    Region$$Table$$Limit                     0x08005cd8   Number         0  anon$$obj.o(Region$$Table)
    Jpeg_HWDecodingEnd                       0x20000008   Data           4  jpeg.o(.data)
    FrameBufferAddress                       0x2000000c   Data           4  jpeg.o(.data)
    JPEGSourceAddress                        0x20000010   Data           4  jpeg.o(.data)
    Input_frameSize                          0x20000014   Data           4  jpeg.o(.data)
    Input_frameIndex                         0x20000018   Data           4  jpeg.o(.data)
    uwTickFreq                               0x2000001c   Data           1  stm32h7xx_hal.o(.data)
    uwTickPrio                               0x20000020   Data           4  stm32h7xx_hal.o(.data)
    uwTick                                   0x20000024   Data           4  stm32h7xx_hal.o(.data)
    SystemCoreClock                          0x20000028   Data           4  system_stm32h7xx.o(.data)
    SystemD2Clock                            0x2000002c   Data           4  system_stm32h7xx.o(.data)
    __stdout                                 0x20000030   Data           4  stdout.o(.data)
    hdma2d                                   0x20000044   Data         104  dma2d.o(.bss)
    hsdram1                                  0x200000ac   Data          52  fmc.o(.bss)
    hjpeg                                    0x200000e0   Data          88  jpeg.o(.bss)
    hmdma_jpeg_infifo_th                     0x20000138   Data         108  jpeg.o(.bss)
    hmdma_jpeg_outfifo_th                    0x200001a4   Data         108  jpeg.o(.bss)
    hltdc                                    0x20000210   Data         168  ltdc.o(.bss)
    hqspi                                    0x200002b8   Data          76  quadspi.o(.bss)
    huart4                                   0x20000304   Data         144  usart.o(.bss)
    __initial_sp                             0x24080000   Data           0  startup_stm32h750xx.o(STACK)



==============================================================================

Memory Map of the image

  Image Entry point : 0x08000299

  Load Region LR_IROM1 (Base: 0x08000000, Size: 0x00005d0c, Max: 0x00020000, ABSOLUTE)

    Execution Region ER_IROM1 (Exec base: 0x08000000, Load base: 0x08000000, Size: 0x00005cd8, Max: 0x00020000, ABSOLUTE)

    Exec Addr    Load Addr    Size         Type   Attr      Idx    E Section Name        Object

    0x08000000   0x08000000   0x00000298   Data   RO            3    RESET               startup_stm32h750xx.o
    0x08000298   0x08000298   0x00000000   Code   RO         5323  * .ARM.Collect$$$$00000000  mc_w.l(entry.o)
    0x08000298   0x08000298   0x00000004   Code   RO         5594    .ARM.Collect$$$$00000001  mc_w.l(entry2.o)
    0x0800029c   0x0800029c   0x00000004   Code   RO         5597    .ARM.Collect$$$$00000004  mc_w.l(entry5.o)
    0x080002a0   0x080002a0   0x00000000   Code   RO         5599    .ARM.Collect$$$$00000008  mc_w.l(entry7b.o)
    0x080002a0   0x080002a0   0x00000000   Code   RO         5601    .ARM.Collect$$$$0000000A  mc_w.l(entry8b.o)
    0x080002a0   0x080002a0   0x00000008   Code   RO         5602    .ARM.Collect$$$$0000000B  mc_w.l(entry9a.o)
    0x080002a8   0x080002a8   0x00000004   Code   RO         5609    .ARM.Collect$$$$0000000E  mc_w.l(entry12b.o)
    0x080002ac   0x080002ac   0x00000000   Code   RO         5604    .ARM.Collect$$$$0000000F  mc_w.l(entry10a.o)
    0x080002ac   0x080002ac   0x00000000   Code   RO         5606    .ARM.Collect$$$$00000011  mc_w.l(entry11a.o)
    0x080002ac   0x080002ac   0x00000004   Code   RO         5595    .ARM.Collect$$$$00002712  mc_w.l(entry2.o)
    0x080002b0   0x080002b0   0x00000024   Code   RO            4    .text               startup_stm32h750xx.o
    0x080002d4   0x080002d4   0x00000062   Code   RO         5326    .text               mc_w.l(uldiv.o)
    0x08000336   0x08000336   0x00000024   Code   RO         5328    .text               mc_w.l(memcpya.o)
    0x0800035a   0x0800035a   0x00000024   Code   RO         5330    .text               mc_w.l(memseta.o)
    0x0800037e   0x0800037e   0x0000001e   Code   RO         5613    .text               mc_w.l(llshl.o)
    0x0800039c   0x0800039c   0x00000020   Code   RO         5615    .text               mc_w.l(llushr.o)
    0x080003bc   0x080003bc   0x00000024   Code   RO         5628    .text               mc_w.l(init.o)
    0x080003e0   0x080003e0   0x0000005c   Code   RO           13    i.BSP_QSPI_W25Q256_AutoPollingMemReady  bsp_qspi_w25q256.o
    0x0800043c   0x0800043c   0x00000060   Code   RO           14    i.BSP_QSPI_W25Q256_AutoPolling_QE_Ready  bsp_qspi_w25q256.o
    0x0800049c   0x0800049c   0x0000005c   Code   RO           15    i.BSP_QSPI_W25Q256_EnableMemoryMappedMode  bsp_qspi_w25q256.o
    0x080004f8   0x080004f8   0x000000b4   Code   RO           20    i.BSP_QSPI_W25Q256_Init  bsp_qspi_w25q256.o
    0x080005ac   0x080005ac   0x00000068   Code   RO           22    i.BSP_QSPI_W25Q256_ReadJedecID  bsp_qspi_w25q256.o
    0x08000614   0x08000614   0x0000005c   Code   RO           23    i.BSP_QSPI_W25Q256_ResetMemory  bsp_qspi_w25q256.o
    0x08000670   0x08000670   0x00000078   Code   RO           24    i.BSP_QSPI_W25Q256_WriteEnable  bsp_qspi_w25q256.o
    0x080006e8   0x080006e8   0x00000002   Code   RO          785    i.BusFault_Handler  stm32h7xx_it.o
    0x080006ea   0x080006ea   0x00000002   PAD
    0x080006ec   0x080006ec   0x00000048   Code   RO          427    i.DMA2D_Convert_MemCopy  dma2d.o
    0x08000734   0x08000734   0x000000a4   Code   RO          428    i.DMA2D_Copy_YCbCr_To_RGB  dma2d.o
    0x080007d8   0x080007d8   0x00000030   Code   RO          429    i.DMA2D_Fill        dma2d.o
    0x08000808   0x08000808   0x00000002   Code   RO          786    i.DebugMon_Handler  stm32h7xx_it.o
    0x0800080a   0x0800080a   0x00000004   Code   RO          331    i.Error_Handler     main.o
    0x0800080e   0x0800080e   0x0000006a   Code   RO         3495    i.FMC_SDRAM_Init    stm32h7xx_ll_fmc.o
    0x08000878   0x08000878   0x00000012   Code   RO         3496    i.FMC_SDRAM_ProgramRefreshRate  stm32h7xx_ll_fmc.o
    0x0800088a   0x0800088a   0x00000026   Code   RO         3497    i.FMC_SDRAM_SendCommand  stm32h7xx_ll_fmc.o
    0x080008b0   0x080008b0   0x000000b0   Code   RO         3499    i.FMC_SDRAM_Timing_Init  stm32h7xx_ll_fmc.o
    0x08000960   0x08000960   0x000000c8   Code   RO         3285    i.HAL_DMA2D_ConfigLayer  stm32h7xx_hal_dma2d.o
    0x08000a28   0x08000a28   0x00000088   Code   RO         3293    i.HAL_DMA2D_Init    stm32h7xx_hal_dma2d.o
    0x08000ab0   0x08000ab0   0x00000028   Code   RO          432    i.HAL_DMA2D_MspInit  dma2d.o
    0x08000ad8   0x08000ad8   0x000000f4   Code   RO          494    i.HAL_FMC_MspInit   fmc.o
    0x08000bcc   0x08000bcc   0x0000022c   Code   RO         1517    i.HAL_GPIO_Init     stm32h7xx_hal_gpio.o
    0x08000df8   0x08000df8   0x0000000a   Code   RO         1521    i.HAL_GPIO_WritePin  stm32h7xx_hal_gpio.o
    0x08000e02   0x08000e02   0x00000002   PAD
    0x08000e04   0x08000e04   0x0000000c   Code   RO         2389    i.HAL_GetREVID      stm32h7xx_hal.o
    0x08000e10   0x08000e10   0x0000000c   Code   RO         2390    i.HAL_GetTick       stm32h7xx_hal.o
    0x08000e1c   0x08000e1c   0x00000010   Code   RO         2396    i.HAL_IncTick       stm32h7xx_hal.o
    0x08000e2c   0x08000e2c   0x0000005c   Code   RO         2397    i.HAL_Init          stm32h7xx_hal.o
    0x08000e88   0x08000e88   0x00000040   Code   RO         2398    i.HAL_InitTick      stm32h7xx_hal.o
    0x08000ec8   0x08000ec8   0x00000006   Code   RO         3803    i.HAL_JPEG_ConfigInputBuffer  stm32h7xx_hal_jpeg.o
    0x08000ece   0x08000ece   0x00000006   Code   RO         3804    i.HAL_JPEG_ConfigOutputBuffer  stm32h7xx_hal_jpeg.o
    0x08000ed4   0x08000ed4   0x00000014   Code   RO          542    i.HAL_JPEG_DataReadyCallback  jpeg.o
    0x08000ee8   0x08000ee8   0x0000000c   Code   RO          543    i.HAL_JPEG_DecodeCpltCallback  jpeg.o
    0x08000ef4   0x08000ef4   0x00000072   Code   RO         3809    i.HAL_JPEG_Decode_DMA  stm32h7xx_hal_jpeg.o
    0x08000f66   0x08000f66   0x00000002   Code   RO         3814    i.HAL_JPEG_EncodeCpltCallback  stm32h7xx_hal_jpeg.o
    0x08000f68   0x08000f68   0x00000002   Code   RO         3817    i.HAL_JPEG_ErrorCallback  stm32h7xx_hal_jpeg.o
    0x08000f6a   0x08000f6a   0x00000002   PAD
    0x08000f6c   0x08000f6c   0x00000034   Code   RO          544    i.HAL_JPEG_GetDataCallback  jpeg.o
    0x08000fa0   0x08000fa0   0x00000100   Code   RO         3820    i.HAL_JPEG_GetInfo  stm32h7xx_hal_jpeg.o
    0x080010a0   0x080010a0   0x0000002a   Code   RO         3822    i.HAL_JPEG_IRQHandler  stm32h7xx_hal_jpeg.o
    0x080010ca   0x080010ca   0x00000002   Code   RO         3823    i.HAL_JPEG_InfoReadyCallback  stm32h7xx_hal_jpeg.o
    0x080010cc   0x080010cc   0x0000009c   Code   RO         3824    i.HAL_JPEG_Init     stm32h7xx_hal_jpeg.o
    0x08001168   0x08001168   0x00000104   Code   RO          546    i.HAL_JPEG_MspInit  jpeg.o
    0x0800126c   0x0800126c   0x0000005c   Code   RO         3827    i.HAL_JPEG_Pause    stm32h7xx_hal_jpeg.o
    0x080012c8   0x080012c8   0x00000052   Code   RO         4103    i.HAL_LTDC_ConfigLayer  stm32h7xx_hal_ltdc.o
    0x0800131a   0x0800131a   0x00000002   Code   RO         4116    i.HAL_LTDC_ErrorCallback  stm32h7xx_hal_ltdc.o
    0x0800131c   0x0800131c   0x000000c8   Code   RO         4119    i.HAL_LTDC_IRQHandler  stm32h7xx_hal_ltdc.o
    0x080013e4   0x080013e4   0x000000f8   Code   RO         4120    i.HAL_LTDC_Init     stm32h7xx_hal_ltdc.o
    0x080014dc   0x080014dc   0x00000002   Code   RO          616    i.HAL_LTDC_LineEventCallback  ltdc.o
    0x080014de   0x080014de   0x00000002   PAD
    0x080014e0   0x080014e0   0x000001d4   Code   RO          618    i.HAL_LTDC_MspInit  ltdc.o
    0x080016b4   0x080016b4   0x00000002   Code   RO         4126    i.HAL_LTDC_ReloadEventCallback  stm32h7xx_hal_ltdc.o
    0x080016b6   0x080016b6   0x00000026   Code   RO         1852    i.HAL_MDMA_Abort_IT  stm32h7xx_hal_mdma.o
    0x080016dc   0x080016dc   0x00000058   Code   RO         1853    i.HAL_MDMA_ConfigPostRequestMask  stm32h7xx_hal_mdma.o
    0x08001734   0x08001734   0x00000178   Code   RO         1858    i.HAL_MDMA_IRQHandler  stm32h7xx_hal_mdma.o
    0x080018ac   0x080018ac   0x0000005e   Code   RO         1859    i.HAL_MDMA_Init     stm32h7xx_hal_mdma.o
    0x0800190a   0x0800190a   0x0000009a   Code   RO         1868    i.HAL_MDMA_Start_IT  stm32h7xx_hal_mdma.o
    0x080019a4   0x080019a4   0x0000001c   Code   RO          879    i.HAL_MspInit       stm32h7xx_hal_msp.o
    0x080019c0   0x080019c0   0x0000001a   Code   RO          909    i.HAL_NVIC_EnableIRQ  stm32h7xx_hal_cortex.o
    0x080019da   0x080019da   0x00000002   PAD
    0x080019dc   0x080019dc   0x00000040   Code   RO          915    i.HAL_NVIC_SetPriority  stm32h7xx_hal_cortex.o
    0x08001a1c   0x08001a1c   0x00000024   Code   RO          916    i.HAL_NVIC_SetPriorityGrouping  stm32h7xx_hal_cortex.o
    0x08001a40   0x08001a40   0x00000054   Code   RO         2118    i.HAL_PWREx_ConfigSupply  stm32h7xx_hal_pwr_ex.o
    0x08001a94   0x08001a94   0x000000ac   Code   RO         4378    i.HAL_QSPI_AutoPolling  stm32h7xx_hal_qspi.o
    0x08001b40   0x08001b40   0x00000086   Code   RO         4381    i.HAL_QSPI_Command  stm32h7xx_hal_qspi.o
    0x08001bc6   0x08001bc6   0x00000002   PAD
    0x08001bc8   0x08001bc8   0x000000ac   Code   RO         4390    i.HAL_QSPI_Init     stm32h7xx_hal_qspi.o
    0x08001c74   0x08001c74   0x0000008c   Code   RO         4391    i.HAL_QSPI_MemoryMapped  stm32h7xx_hal_qspi.o
    0x08001d00   0x08001d00   0x000000e4   Code   RO          702    i.HAL_QSPI_MspInit  quadspi.o
    0x08001de4   0x08001de4   0x000000be   Code   RO         4394    i.HAL_QSPI_Receive  stm32h7xx_hal_qspi.o
    0x08001ea2   0x08001ea2   0x00000002   PAD
    0x08001ea4   0x08001ea4   0x000000b6   Code   RO         4403    i.HAL_QSPI_Transmit  stm32h7xx_hal_qspi.o
    0x08001f5a   0x08001f5a   0x00000002   PAD
    0x08001f5c   0x08001f5c   0x00000024   Code   RO         1160    i.HAL_RCCEx_GetD3PCLK1Freq  stm32h7xx_hal_rcc_ex.o
    0x08001f80   0x08001f80   0x00000144   Code   RO         1162    i.HAL_RCCEx_GetPLL2ClockFreq  stm32h7xx_hal_rcc_ex.o
    0x080020c4   0x080020c4   0x00000144   Code   RO         1163    i.HAL_RCCEx_GetPLL3ClockFreq  stm32h7xx_hal_rcc_ex.o
    0x08002208   0x08002208   0x000008d2   Code   RO         1169    i.HAL_RCCEx_PeriphCLKConfig  stm32h7xx_hal_rcc_ex.o
    0x08002ada   0x08002ada   0x00000002   PAD
    0x08002adc   0x08002adc   0x0000025c   Code   RO         1045    i.HAL_RCC_ClockConfig  stm32h7xx_hal_rcc.o
    0x08002d38   0x08002d38   0x00000044   Code   RO         1050    i.HAL_RCC_GetHCLKFreq  stm32h7xx_hal_rcc.o
    0x08002d7c   0x08002d7c   0x00000024   Code   RO         1052    i.HAL_RCC_GetPCLK1Freq  stm32h7xx_hal_rcc.o
    0x08002da0   0x08002da0   0x00000024   Code   RO         1053    i.HAL_RCC_GetPCLK2Freq  stm32h7xx_hal_rcc.o
    0x08002dc4   0x08002dc4   0x00000138   Code   RO         1054    i.HAL_RCC_GetSysClockFreq  stm32h7xx_hal_rcc.o
    0x08002efc   0x08002efc   0x00000530   Code   RO         1057    i.HAL_RCC_OscConfig  stm32h7xx_hal_rcc.o
    0x0800342c   0x0800342c   0x00000050   Code   RO         3636    i.HAL_SDRAM_Init    stm32h7xx_hal_sdram.o
    0x0800347c   0x0800347c   0x00000004   Code   RO          496    i.HAL_SDRAM_MspInit  fmc.o
    0x08003480   0x08003480   0x0000002e   Code   RO         3639    i.HAL_SDRAM_ProgramRefreshRate  stm32h7xx_hal_sdram.o
    0x080034ae   0x080034ae   0x00000002   PAD
    0x080034b0   0x080034b0   0x0000003c   Code   RO         3645    i.HAL_SDRAM_SendCommand  stm32h7xx_hal_sdram.o
    0x080034ec   0x080034ec   0x00000026   Code   RO          920    i.HAL_SYSTICK_Config  stm32h7xx_hal_cortex.o
    0x08003512   0x08003512   0x00000040   Code   RO         5071    i.HAL_UARTEx_DisableFifoMode  stm32h7xx_hal_uart_ex.o
    0x08003552   0x08003552   0x0000004c   Code   RO         5079    i.HAL_UARTEx_SetRxFifoThreshold  stm32h7xx_hal_uart_ex.o
    0x0800359e   0x0800359e   0x0000004c   Code   RO         5080    i.HAL_UARTEx_SetTxFifoThreshold  stm32h7xx_hal_uart_ex.o
    0x080035ea   0x080035ea   0x0000006a   Code   RO         4680    i.HAL_UART_Init     stm32h7xx_hal_uart.o
    0x08003654   0x08003654   0x00000084   Code   RO          744    i.HAL_UART_MspInit  usart.o
    0x080036d8   0x080036d8   0x000000be   Code   RO         4689    i.HAL_UART_Transmit  stm32h7xx_hal_uart.o
    0x08003796   0x08003796   0x00000002   Code   RO          787    i.HardFault_Handler  stm32h7xx_it.o
    0x08003798   0x08003798   0x00000070   Code   RO         3830    i.JPEG_ACHuff_BitsVals_To_SizeCodes  stm32h7xx_hal_jpeg.o
    0x08003808   0x08003808   0x00000064   Code   RO         3831    i.JPEG_Bits_To_SizeCodes  stm32h7xx_hal_jpeg.o
    0x0800386c   0x0800386c   0x00000096   Code   RO         3832    i.JPEG_DMA_ContinueProcess  stm32h7xx_hal_jpeg.o
    0x08003902   0x08003902   0x00000084   Code   RO         3833    i.JPEG_DMA_EndProcess  stm32h7xx_hal_jpeg.o
    0x08003986   0x08003986   0x000000b2   Code   RO         3834    i.JPEG_DMA_PollResidualData  stm32h7xx_hal_jpeg.o
    0x08003a38   0x08003a38   0x00000098   Code   RO         3835    i.JPEG_DMA_StartProcess  stm32h7xx_hal_jpeg.o
    0x08003ad0   0x08003ad0   0x00000028   Code   RO          547    i.JPEG_Decode_DMA   jpeg.o
    0x08003af8   0x08003af8   0x0000000c   Code   RO          788    i.JPEG_IRQHandler   stm32h7xx_it.o
    0x08003b04   0x08003b04   0x00000088   Code   RO         3836    i.JPEG_Init_Process  stm32h7xx_hal_jpeg.o
    0x08003b8c   0x08003b8c   0x00000018   Code   RO          548    i.JPEG_Length_Check  jpeg.o
    0x08003ba4   0x08003ba4   0x0000002c   Code   RO         3837    i.JPEG_MDMAErrorCallback  stm32h7xx_hal_jpeg.o
    0x08003bd0   0x08003bd0   0x00000094   Code   RO         3838    i.JPEG_MDMAInCpltCallback  stm32h7xx_hal_jpeg.o
    0x08003c64   0x08003c64   0x0000000e   Code   RO         3839    i.JPEG_MDMAOutAbortCallback  stm32h7xx_hal_jpeg.o
    0x08003c72   0x08003c72   0x00000076   Code   RO         3840    i.JPEG_MDMAOutCpltCallback  stm32h7xx_hal_jpeg.o
    0x08003ce8   0x08003ce8   0x000000f0   Code   RO         3841    i.JPEG_Process      stm32h7xx_hal_jpeg.o
    0x08003dd8   0x08003dd8   0x000000dc   Code   RO         3842    i.JPEG_ReadInputData  stm32h7xx_hal_jpeg.o
    0x08003eb4   0x08003eb4   0x000000a4   Code   RO         3845    i.JPEG_Set_HuffAC_Mem  stm32h7xx_hal_jpeg.o
    0x08003f58   0x08003f58   0x000000b8   Code   RO         3846    i.JPEG_Set_HuffDC_Mem  stm32h7xx_hal_jpeg.o
    0x08004010   0x08004010   0x0000005c   Code   RO         3847    i.JPEG_Set_HuffEnc_Mem  stm32h7xx_hal_jpeg.o
    0x0800406c   0x0800406c   0x0000024c   Code   RO         3848    i.JPEG_Set_Huff_DHTMem  stm32h7xx_hal_jpeg.o
    0x080042b8   0x080042b8   0x00000114   Code   RO         3850    i.JPEG_StoreOutputData  stm32h7xx_hal_jpeg.o
    0x080043cc   0x080043cc   0x00000040   Code   RO          619    i.LTDC_Fill_Rec     ltdc.o
    0x0800440c   0x0800440c   0x0000000c   Code   RO          789    i.LTDC_IRQHandler   stm32h7xx_it.o
    0x08004418   0x08004418   0x00000080   Code   RO          620    i.LTDC_Jpeg         ltdc.o
    0x08004498   0x08004498   0x000001d0   Code   RO         4139    i.LTDC_SetConfig    stm32h7xx_hal_ltdc.o
    0x08004668   0x08004668   0x0000001c   Code   RO          790    i.MDMA_IRQHandler   stm32h7xx_it.o
    0x08004684   0x08004684   0x000000b0   Code   RO         1870    i.MDMA_Init         stm32h7xx_hal_mdma.o
    0x08004734   0x08004734   0x00000080   Code   RO         1871    i.MDMA_SetConfig    stm32h7xx_hal_mdma.o
    0x080047b4   0x080047b4   0x00000048   Code   RO          433    i.MX_DMA2D_Init     dma2d.o
    0x080047fc   0x080047fc   0x0000006c   Code   RO          497    i.MX_FMC_Init       fmc.o
    0x08004868   0x08004868   0x00000118   Code   RO          403    i.MX_GPIO_Init      gpio.o
    0x08004980   0x08004980   0x00000024   Code   RO          549    i.MX_JPEG_Init      jpeg.o
    0x080049a4   0x080049a4   0x000000ec   Code   RO          621    i.MX_LTDC_Init      ltdc.o
    0x08004a90   0x08004a90   0x0000002c   Code   RO          677    i.MX_MDMA_Init      mdma.o
    0x08004abc   0x08004abc   0x00000040   Code   RO          703    i.MX_QUADSPI_Init   quadspi.o
    0x08004afc   0x08004afc   0x00000068   Code   RO          745    i.MX_UART4_Init     usart.o
    0x08004b64   0x08004b64   0x00000002   Code   RO          791    i.MemManage_Handler  stm32h7xx_it.o
    0x08004b66   0x08004b66   0x00000002   Code   RO          792    i.NMI_Handler       stm32h7xx_it.o
    0x08004b68   0x08004b68   0x00000002   Code   RO          793    i.PendSV_Handler    stm32h7xx_it.o
    0x08004b6a   0x08004b6a   0x000001a8   Code   RO         4407    i.QSPI_Config       stm32h7xx_hal_qspi.o
    0x08004d12   0x08004d12   0x00000048   Code   RO         4412    i.QSPI_WaitFlagStateUntilTimeout  stm32h7xx_hal_qspi.o
    0x08004d5a   0x08004d5a   0x00000002   PAD
    0x08004d5c   0x08004d5c   0x00000120   Code   RO         1172    i.RCCEx_PLL2_Config  stm32h7xx_hal_rcc_ex.o
    0x08004e7c   0x08004e7c   0x00000120   Code   RO         1173    i.RCCEx_PLL3_Config  stm32h7xx_hal_rcc_ex.o
    0x08004f9c   0x08004f9c   0x00000002   Code   RO          794    i.SVC_Handler       stm32h7xx_it.o
    0x08004f9e   0x08004f9e   0x00000004   Code   RO          795    i.SysTick_Handler   stm32h7xx_it.o
    0x08004fa2   0x08004fa2   0x00000002   PAD
    0x08004fa4   0x08004fa4   0x000000b8   Code   RO          332    i.SystemClock_Config  main.o
    0x0800505c   0x0800505c   0x000000dc   Code   RO         5184    i.SystemInit        system_stm32h7xx.o
    0x08005138   0x08005138   0x00000044   Code   RO         5084    i.UARTEx_SetNbDataToProcess  stm32h7xx_hal_uart_ex.o
    0x0800517c   0x0800517c   0x000000c8   Code   RO         4694    i.UART_AdvFeatureConfig  stm32h7xx_hal_uart.o
    0x08005244   0x08005244   0x00000060   Code   RO         4695    i.UART_CheckIdleState  stm32h7xx_hal_uart.o
    0x080052a4   0x080052a4   0x000003ac   Code   RO         4712    i.UART_SetConfig    stm32h7xx_hal_uart.o
    0x08005650   0x08005650   0x000000ca   Code   RO         4719    i.UART_WaitOnFlagUntilTimeout  stm32h7xx_hal_uart.o
    0x0800571a   0x0800571a   0x00000002   Code   RO          796    i.UsageFault_Handler  stm32h7xx_it.o
    0x0800571c   0x0800571c   0x00000028   Code   RO          237    i.W9825G6JB_ClockEnable  w9825g6jb.o
    0x08005744   0x08005744   0x00000058   Code   RO          240    i.W9825G6JB_Init    w9825g6jb.o
    0x0800579c   0x0800579c   0x00000044   Code   RO          241    i.W9825G6JB_ModeRegConfig  w9825g6jb.o
    0x080057e0   0x080057e0   0x00000028   Code   RO          242    i.W9825G6JB_Precharge  w9825g6jb.o
    0x08005808   0x08005808   0x00000024   Code   RO          243    i.W9825G6JB_RefreshMode  w9825g6jb.o
    0x0800582c   0x0800582c   0x00000010   Code   RO          244    i.W9825G6JB_RefreshRate  w9825g6jb.o
    0x0800583c   0x0800583c   0x00000010   Code   RO         5335    i.__0printf$bare    mc_w.l(printfb.o)
    0x0800584c   0x0800584c   0x00000022   Code   RO          922    i.__NVIC_SetPriority  stm32h7xx_hal_cortex.o
    0x0800586e   0x0800586e   0x0000000e   Code   RO         5636    i.__scatterload_copy  mc_w.l(handlers.o)
    0x0800587c   0x0800587c   0x00000002   Code   RO         5637    i.__scatterload_null  mc_w.l(handlers.o)
    0x0800587e   0x0800587e   0x0000000e   Code   RO         5638    i.__scatterload_zeroinit  mc_w.l(handlers.o)
    0x0800588c   0x0800588c   0x00000022   Code   RO         5342    i._printf_core      mc_w.l(printfb.o)
    0x080058ae   0x080058ae   0x00000002   PAD
    0x080058b0   0x080058b0   0x00000018   Code   RO          333    i.fputc             main.o
    0x080058c8   0x080058c8   0x0000014c   Code   RO          334    i.main              main.o
    0x08005a14   0x08005a14   0x0000025c   Data   RO         3851    .constdata          stm32h7xx_hal_jpeg.o
    0x08005c70   0x08005c70   0x00000018   Data   RO         4720    .constdata          stm32h7xx_hal_uart.o
    0x08005c88   0x08005c88   0x00000010   Data   RO         5085    .constdata          stm32h7xx_hal_uart_ex.o
    0x08005c98   0x08005c98   0x00000010   Data   RO         5185    .constdata          system_stm32h7xx.o
    0x08005ca8   0x08005ca8   0x00000030   Data   RO         5634    Region$$Table       anon$$obj.o


    Execution Region RW_IRAM1 (Exec base: 0x20000000, Load base: 0x08005cd8, Size: 0x00000394, Max: 0x00020000, ABSOLUTE)

    Exec Addr    Load Addr    Size         Type   Attr      Idx    E Section Name        Object

    0x20000000   0x08005cd8   0x00000008   Data   RW          499    .data               fmc.o
    0x20000008   0x08005ce0   0x00000014   Data   RW          552    .data               jpeg.o
    0x2000001c   0x08005cf4   0x0000000c   Data   RW         2419    .data               stm32h7xx_hal.o
    0x20000028   0x08005d00   0x00000008   Data   RW         5186    .data               system_stm32h7xx.o
    0x20000030   0x08005d08   0x00000004   Data   RW         5610    .data               mc_w.l(stdout.o)
    0x20000034        -       0x00000010   Zero   RW          247    .bss                w9825g6jb.o
    0x20000044        -       0x00000068   Zero   RW          434    .bss                dma2d.o
    0x200000ac        -       0x00000034   Zero   RW          498    .bss                fmc.o
    0x200000e0        -       0x00000130   Zero   RW          551    .bss                jpeg.o
    0x20000210        -       0x000000a8   Zero   RW          622    .bss                ltdc.o
    0x200002b8        -       0x0000004c   Zero   RW          704    .bss                quadspi.o
    0x20000304        -       0x00000090   Zero   RW          746    .bss                usart.o


    Execution Region RW_IRAM2 (Exec base: 0x24000000, Load base: 0x08005d0c, Size: 0x00080000, Max: 0x00080000, ABSOLUTE)

    Exec Addr    Load Addr    Size         Type   Attr      Idx    E Section Name        Object

    0x24000000        -       0x00080000   Zero   RW            1    STACK               startup_stm32h750xx.o


==============================================================================

Image component sizes


      Code (inc. data)   RO Data    RW Data    ZI Data      Debug   Object Name

       776         36          0          0          0    1302484   bsp_qspi_w25q256.o
       396         42          0          0        104       4530   dma2d.o
       356         44          0          8         52       2396   fmc.o
       280         16          0          0          0       1243   gpio.o
       444         44          0         20        304       5272   jpeg.o
       898         72          0          0        168       4624   ltdc.o
       544         56          0          0          0       4393   main.o
        44          4          0          0          0        895   mdma.o
       292         24          0          0         76       1977   quadspi.o
        36          8        664          0     524288        828   startup_stm32h750xx.o
       196         40          0         12          0      22752   stm32h7xx_hal.o
       198         12          0          0          0      39563   stm32h7xx_hal_cortex.o
       336         16          0          0          0       2365   stm32h7xx_hal_dma2d.o
       566         50          0          0          0       2296   stm32h7xx_hal_gpio.o
      3726         56        604          0          0      25923   stm32h7xx_hal_jpeg.o
       998          6          0          0          0       5129   stm32h7xx_hal_ltdc.o
      1054         16          0          0          0       6527   stm32h7xx_hal_mdma.o
        28          6          0          0          0        922   stm32h7xx_hal_msp.o
        84          6          0          0          0        781   stm32h7xx_hal_pwr_ex.o
      1486         10          0          0          0       9147   stm32h7xx_hal_qspi.o
      2384        108          0          0          0       7104   stm32h7xx_hal_rcc.o
      3518        112          0          0          0       7845   stm32h7xx_hal_rcc_ex.o
       186          4          0          0          0       2944   stm32h7xx_hal_sdram.o
      1734        106         24          0          0      26006   stm32h7xx_hal_uart.o
       284          6         16          0          0       3777   stm32h7xx_hal_uart_ex.o
        72         22          0          0          0       5528   stm32h7xx_it.o
       338         12          0          0          0       4288   stm32h7xx_ll_fmc.o
       220         40         16          8          0       1478   system_stm32h7xx.o
       236         24          0          0        144       1900   usart.o
       288         18          0          0         16       5833   w9825g6jb.o

    ----------------------------------------------------------------------
     22022       1016       1372         48     525152    1510750   Object Totals
         0          0         48          0          0          0   (incl. Generated)
        24          0          0          0          0          0   (incl. Padding)

    ----------------------------------------------------------------------

      Code (inc. data)   RO Data    RW Data    ZI Data      Debug   Library Member Name

         0          0          0          0          0          0   entry.o
         0          0          0          0          0          0   entry10a.o
         0          0          0          0          0          0   entry11a.o
         4          0          0          0          0          0   entry12b.o
         8          4          0          0          0          0   entry2.o
         4          0          0          0          0          0   entry5.o
         0          0          0          0          0          0   entry7b.o
         0          0          0          0          0          0   entry8b.o
         8          4          0          0          0          0   entry9a.o
        30          0          0          0          0          0   handlers.o
        36          8          0          0          0         68   init.o
        30          0          0          0          0         68   llshl.o
        32          0          0          0          0         68   llushr.o
        36          0          0          0          0         68   memcpya.o
        36          0          0          0          0        108   memseta.o
        50          8          0          0          0        152   printfb.o
         0          0          0          4          0          0   stdout.o
        98          0          0          0          0         92   uldiv.o

    ----------------------------------------------------------------------
       374         24          0          4          0        624   Library Totals
         2          0          0          0          0          0   (incl. Padding)

    ----------------------------------------------------------------------

      Code (inc. data)   RO Data    RW Data    ZI Data      Debug   Library Name

       372         24          0          4          0        624   mc_w.l

    ----------------------------------------------------------------------
       374         24          0          4          0        624   Library Totals

    ----------------------------------------------------------------------

==============================================================================


      Code (inc. data)   RO Data    RW Data    ZI Data      Debug   

     22396       1040       1372         52     525152    1497318   Grand Totals
     22396       1040       1372         52     525152    1497318   ELF Image Totals
     22396       1040       1372         52          0          0   ROM Totals

==============================================================================

    Total RO  Size (Code + RO Data)                23768 (  23.21kB)
    Total RW  Size (RW Data + ZI Data)            525204 ( 512.89kB)
    Total ROM Size (Code + RO Data + RW Data)      23820 (  23.26kB)

==============================================================================

